Archive member included to satisfy reference by file (symbol)

c:/program files (x86)/atollic/truestudio for stm32 9.3.0/armtools/bin/../lib/gcc/arm-atollic-eabi/6.3.1/../../../../arm-atollic-eabi/lib/armv7e-m/fpu\libc_nano.a(lib_a-errno.o)
                              Src\syscalls.o (__errno)
c:/program files (x86)/atollic/truestudio for stm32 9.3.0/armtools/bin/../lib/gcc/arm-atollic-eabi/6.3.1/../../../../arm-atollic-eabi/lib/armv7e-m/fpu\libc_nano.a(lib_a-impure.o)
                              c:/program files (x86)/atollic/truestudio for stm32 9.3.0/armtools/bin/../lib/gcc/arm-atollic-eabi/6.3.1/../../../../arm-atollic-eabi/lib/armv7e-m/fpu\libc_nano.a(lib_a-errno.o) (_impure_ptr)
c:/program files (x86)/atollic/truestudio for stm32 9.3.0/armtools/bin/../lib/gcc/arm-atollic-eabi/6.3.1/../../../../arm-atollic-eabi/lib/armv7e-m/fpu\libc_nano.a(lib_a-init.o)
                              startup\startup_stm32f413xx.o (__libc_init_array)
c:/program files (x86)/atollic/truestudio for stm32 9.3.0/armtools/bin/../lib/gcc/arm-atollic-eabi/6.3.1/../../../../arm-atollic-eabi/lib/armv7e-m/fpu\libc_nano.a(lib_a-locale.o)
                              dbg\hexdump\hexdump.o (__locale_ctype_ptr)
c:/program files (x86)/atollic/truestudio for stm32 9.3.0/armtools/bin/../lib/gcc/arm-atollic-eabi/6.3.1/../../../../arm-atollic-eabi/lib/armv7e-m/fpu\libc_nano.a(lib_a-malloc.o)
                              littlefs\littlefs\lfs.o (malloc)
c:/program files (x86)/atollic/truestudio for stm32 9.3.0/armtools/bin/../lib/gcc/arm-atollic-eabi/6.3.1/../../../../arm-atollic-eabi/lib/armv7e-m/fpu\libc_nano.a(lib_a-mbtowc_r.o)
                              c:/program files (x86)/atollic/truestudio for stm32 9.3.0/armtools/bin/../lib/gcc/arm-atollic-eabi/6.3.1/../../../../arm-atollic-eabi/lib/armv7e-m/fpu\libc_nano.a(lib_a-locale.o) (__ascii_mbtowc)
c:/program files (x86)/atollic/truestudio for stm32 9.3.0/armtools/bin/../lib/gcc/arm-atollic-eabi/6.3.1/../../../../arm-atollic-eabi/lib/armv7e-m/fpu\libc_nano.a(lib_a-memcmp.o)
                              littlefs\littlefs\lfs.o (memcmp)
c:/program files (x86)/atollic/truestudio for stm32 9.3.0/armtools/bin/../lib/gcc/arm-atollic-eabi/6.3.1/../../../../arm-atollic-eabi/lib/armv7e-m/fpu\libc_nano.a(lib_a-memcpy-stub.o)
                              littlefs\littlefs\lfs.o (memcpy)
c:/program files (x86)/atollic/truestudio for stm32 9.3.0/armtools/bin/../lib/gcc/arm-atollic-eabi/6.3.1/../../../../arm-atollic-eabi/lib/armv7e-m/fpu\libc_nano.a(lib_a-memset.o)
                              Src\main.o (memset)
c:/program files (x86)/atollic/truestudio for stm32 9.3.0/armtools/bin/../lib/gcc/arm-atollic-eabi/6.3.1/../../../../arm-atollic-eabi/lib/armv7e-m/fpu\libc_nano.a(lib_a-nano-freer.o)
                              c:/program files (x86)/atollic/truestudio for stm32 9.3.0/armtools/bin/../lib/gcc/arm-atollic-eabi/6.3.1/../../../../arm-atollic-eabi/lib/armv7e-m/fpu\libc_nano.a(lib_a-malloc.o) (_free_r)
c:/program files (x86)/atollic/truestudio for stm32 9.3.0/armtools/bin/../lib/gcc/arm-atollic-eabi/6.3.1/../../../../arm-atollic-eabi/lib/armv7e-m/fpu\libc_nano.a(lib_a-nano-mallocr.o)
                              c:/program files (x86)/atollic/truestudio for stm32 9.3.0/armtools/bin/../lib/gcc/arm-atollic-eabi/6.3.1/../../../../arm-atollic-eabi/lib/armv7e-m/fpu\libc_nano.a(lib_a-malloc.o) (_malloc_r)
c:/program files (x86)/atollic/truestudio for stm32 9.3.0/armtools/bin/../lib/gcc/arm-atollic-eabi/6.3.1/../../../../arm-atollic-eabi/lib/armv7e-m/fpu\libc_nano.a(lib_a-printf.o)
                              littlefs\littlefs\lfs.o (printf)
c:/program files (x86)/atollic/truestudio for stm32 9.3.0/armtools/bin/../lib/gcc/arm-atollic-eabi/6.3.1/../../../../arm-atollic-eabi/lib/armv7e-m/fpu\libc_nano.a(lib_a-sbrkr.o)
                              c:/program files (x86)/atollic/truestudio for stm32 9.3.0/armtools/bin/../lib/gcc/arm-atollic-eabi/6.3.1/../../../../arm-atollic-eabi/lib/armv7e-m/fpu\libc_nano.a(lib_a-nano-mallocr.o) (_sbrk_r)
c:/program files (x86)/atollic/truestudio for stm32 9.3.0/armtools/bin/../lib/gcc/arm-atollic-eabi/6.3.1/../../../../arm-atollic-eabi/lib/armv7e-m/fpu\libc_nano.a(lib_a-strchr.o)
                              littlefs\littlefs\lfs.o (strchr)
c:/program files (x86)/atollic/truestudio for stm32 9.3.0/armtools/bin/../lib/gcc/arm-atollic-eabi/6.3.1/../../../../arm-atollic-eabi/lib/armv7e-m/fpu\libc_nano.a(lib_a-strcmp.o)
                              c:/program files (x86)/atollic/truestudio for stm32 9.3.0/armtools/bin/../lib/gcc/arm-atollic-eabi/6.3.1/../../../../arm-atollic-eabi/lib/armv7e-m/fpu\libc_nano.a(lib_a-locale.o) (strcmp)
c:/program files (x86)/atollic/truestudio for stm32 9.3.0/armtools/bin/../lib/gcc/arm-atollic-eabi/6.3.1/../../../../arm-atollic-eabi/lib/armv7e-m/fpu\libc_nano.a(lib_a-strcpy.o)
                              littlefs\littlefs\lfs.o (strcpy)
[...]
Memory Configuration

Name             Origin             Length             Attributes
RAM              0x20000000         0x00050000         xrw
FLASH            0x08000000         0x00100000         xr
*default*        0x00000000         0xffffffff

Linker script and memory map

LOAD c:/program files (x86)/atollic/truestudio for stm32 9.3.0/armtools/bin/../lib/gcc/arm-atollic-eabi/6.3.1/armv7e-m/fpu/crti.o
LOAD c:/program files (x86)/atollic/truestudio for stm32 9.3.0/armtools/bin/../lib/gcc/arm-atollic-eabi/6.3.1/armv7e-m/fpu/crtbegin.o
LOAD Drivers\STM32F4xx_HAL_Driver\Src\stm32f4xx_hal.o
LOAD Drivers\STM32F4xx_HAL_Driver\Src\stm32f4xx_hal_cortex.o
LOAD Drivers\STM32F4xx_HAL_Driver\Src\stm32f4xx_hal_dma.o
LOAD Drivers\STM32F4xx_HAL_Driver\Src\stm32f4xx_hal_dma_ex.o
LOAD Drivers\STM32F4xx_HAL_Driver\Src\stm32f4xx_hal_exti.o
LOAD Drivers\STM32F4xx_HAL_Driver\Src\stm32f4xx_hal_flash.o
LOAD Drivers\STM32F4xx_HAL_Driver\Src\stm32f4xx_hal_flash_ex.o
LOAD Drivers\STM32F4xx_HAL_Driver\Src\stm32f4xx_hal_flash_ramfunc.o
LOAD Drivers\STM32F4xx_HAL_Driver\Src\stm32f4xx_hal_gpio.o
LOAD Drivers\STM32F4xx_HAL_Driver\Src\stm32f4xx_hal_pwr.o
LOAD Drivers\STM32F4xx_HAL_Driver\Src\stm32f4xx_hal_pwr_ex.o
LOAD Drivers\STM32F4xx_HAL_Driver\Src\stm32f4xx_hal_qspi.o
LOAD Drivers\STM32F4xx_HAL_Driver\Src\stm32f4xx_hal_rcc.o
LOAD Drivers\STM32F4xx_HAL_Driver\Src\stm32f4xx_hal_rcc_ex.o
LOAD Drivers\STM32F4xx_HAL_Driver\Src\stm32f4xx_hal_tim.o
LOAD Drivers\STM32F4xx_HAL_Driver\Src\stm32f4xx_hal_tim_ex.o
LOAD Drivers\STM32F4xx_HAL_Driver\Src\stm32f4xx_hal_uart.o
LOAD Src\gpio.o
LOAD Src\main.o
LOAD Src\quadspi.o
LOAD Src\stm32f4xx_hal_msp.o
LOAD Src\stm32f4xx_it.o
LOAD Src\syscalls.o
LOAD Src\system_stm32f4xx.o
LOAD Src\usart.o
LOAD Winbond_25Q\Winbond_25Q.o
LOAD dbg\DBG.o
LOAD dbg\hexdump\hexdump.o
LOAD dbg\printf\printf.o
LOAD littlefs\littlefs\lfs.o
LOAD littlefs\littlefs\lfs_util.o
LOAD misc\lfs_config.o
LOAD startup\startup_stm32f413xx.o
                0x00000080                malloc_getpagesize_P = 0x80
START GROUP
LOAD c:/program files (x86)/atollic/truestudio for stm32 9.3.0/armtools/bin/../lib/gcc/arm-atollic-eabi/6.3.1/../../../../arm-atollic-eabi/lib/armv7e-m/fpu\libc_nano.a
LOAD c:/program files (x86)/atollic/truestudio for stm32 9.3.0/armtools/bin/../lib/gcc/arm-atollic-eabi/6.3.1/../../../../arm-atollic-eabi/lib/armv7e-m/fpu\libm.a
END GROUP
START GROUP
LOAD c:/program files (x86)/atollic/truestudio for stm32 9.3.0/armtools/bin/../lib/gcc/arm-atollic-eabi/6.3.1/armv7e-m/fpu\libgcc.a
LOAD c:/program files (x86)/atollic/truestudio for stm32 9.3.0/armtools/bin/../lib/gcc/arm-atollic-eabi/6.3.1/../../../../arm-atollic-eabi/lib/armv7e-m/fpu\libc_nano.a
END GROUP
START GROUP
LOAD c:/program files (x86)/atollic/truestudio for stm32 9.3.0/armtools/bin/../lib/gcc/arm-atollic-eabi/6.3.1/armv7e-m/fpu\libgcc.a
LOAD c:/program files (x86)/atollic/truestudio for stm32 9.3.0/armtools/bin/../lib/gcc/arm-atollic-eabi/6.3.1/../../../../arm-atollic-eabi/lib/armv7e-m/fpu\libc_nano.a
LOAD c:/program files (x86)/atollic/truestudio for stm32 9.3.0/armtools/bin/../lib/gcc/arm-atollic-eabi/6.3.1/../../../../arm-atollic-eabi/lib/armv7e-m/fpu\libnosys.a
END GROUP
START GROUP
LOAD c:/program files (x86)/atollic/truestudio for stm32 9.3.0/armtools/bin/../lib/gcc/arm-atollic-eabi/6.3.1/armv7e-m/fpu\libgcc.a
LOAD c:/program files (x86)/atollic/truestudio for stm32 9.3.0/armtools/bin/../lib/gcc/arm-atollic-eabi/6.3.1/../../../../arm-atollic-eabi/lib/armv7e-m/fpu\libc_nano.a
LOAD c:/program files (x86)/atollic/truestudio for stm32 9.3.0/armtools/bin/../lib/gcc/arm-atollic-eabi/6.3.1/../../../../arm-atollic-eabi/lib/armv7e-m/fpu\libnosys.a
END GROUP
LOAD c:/program files (x86)/atollic/truestudio for stm32 9.3.0/armtools/bin/../lib/gcc/arm-atollic-eabi/6.3.1/armv7e-m/fpu/crtend.o
LOAD c:/program files (x86)/atollic/truestudio for stm32 9.3.0/armtools/bin/../lib/gcc/arm-atollic-eabi/6.3.1/armv7e-m/fpu/crtn.o
                0x20050000                _estack = 0x20050000
                0x00000200                _Min_Heap_Size = 0x200
                0x00000400                _Min_Stack_Size = 0x400

.isr_vector     0x08000000      0x1d8
                0x08000000                . = ALIGN (0x4)
 *(.isr_vector)
 .isr_vector    0x08000000      0x1d8 startup\startup_stm32f413xx.o
                0x08000000                g_pfnVectors
                0x080001d8                . = ALIGN (0x4)

.text           0x080001e0     0x77ac
                0x080001e0                . = ALIGN (0x4)
 *(.text)
 .text          0x080001e0       0x40 c:/program files (x86)/atollic/truestudio for stm32 9.3.0/armtools/bin/../lib/gcc/arm-atollic-eabi/6.3.1/armv7e-m/fpu/crtbegin.o
 .text          0x08000220       0x10 c:/program files (x86)/atollic/truestudio for stm32 9.3.0/armtools/bin/../lib/gcc/arm-atollic-eabi/6.3.1/../../../../arm-atollic-eabi/lib/armv7e-m/fpu\libc_nano.a(lib_a-strlen.o)
                0x08000220                strlen
 .text          0x08000230       0xa0 c:/program files (x86)/atollic/truestudio for stm32 9.3.0/armtools/bin/../lib/gcc/arm-atollic-eabi/6.3.1/../../../../arm-atollic-eabi/lib/armv7e-m/fpu\libc_nano.a(lib_a-memchr.o)
                0x08000230                memchr
 .text          0x080002d0      0x370 c:/program files (x86)/atollic/truestudio for stm32 9.3.0/armtools/bin/../lib/gcc/arm-atollic-eabi/6.3.1/armv7e-m/fpu\libgcc.a(_arm_addsubdf3.o)
                0x080002d0                __aeabi_drsub
                0x080002d8                __aeabi_dsub
                0x080002d8                __subdf3
                0x080002dc                __aeabi_dadd
                0x080002dc                __adddf3
                0x08000554                __floatunsidf
                0x08000554                __aeabi_ui2d
                0x08000574                __floatsidf
                0x08000574                __aeabi_i2d
                0x08000598                __aeabi_f2d
                0x08000598                __extendsfdf2
                0x080005d4                __floatundidf
                0x080005d4                __aeabi_ul2d
                0x080005e4                __floatdidf
                0x080005e4                __aeabi_l2d
 .text          0x08000640      0x424 c:/program files (x86)/atollic/truestudio for stm32 9.3.0/armtools/bin/../lib/gcc/arm-atollic-eabi/6.3.1/armv7e-m/fpu\libgcc.a(_arm_muldivdf3.o)
                0x08000640                __aeabi_dmul
                0x08000640                __muldf3
                0x08000894                __divdf3
                0x08000894                __aeabi_ddiv
 .text          0x08000a64      0x110 c:/program files (x86)/atollic/truestudio for stm32 9.3.0/armtools/bin/../lib/gcc/arm-atollic-eabi/6.3.1/armv7e-m/fpu\libgcc.a(_arm_cmpdf2.o)
                0x08000a64                __gtdf2
                0x08000a64                __gedf2
                0x08000a6c                __ltdf2
                0x08000a6c                __ledf2
                0x08000a74                __nedf2
                0x08000a74                __eqdf2
                0x08000a74                __cmpdf2
                0x08000af0                __aeabi_cdrcmple
                0x08000b00                __aeabi_cdcmpeq
                0x08000b00                __aeabi_cdcmple
                0x08000b10                __aeabi_dcmpeq
                0x08000b24                __aeabi_dcmplt
                0x08000b38                __aeabi_dcmple
                0x08000b4c                __aeabi_dcmpge
                0x08000b60                __aeabi_dcmpgt
 .text          0x08000b74       0x50 c:/program files (x86)/atollic/truestudio for stm32 9.3.0/armtools/bin/../lib/gcc/arm-atollic-eabi/6.3.1/armv7e-m/fpu\libgcc.a(_arm_fixdfsi.o)
                0x08000b74                __aeabi_d2iz
                0x08000b74                __fixdfsi
 .text          0x08000bc4       0x40 c:/program files (x86)/atollic/truestudio for stm32 9.3.0/armtools/bin/../lib/gcc/arm-atollic-eabi/6.3.1/armv7e-m/fpu\libgcc.a(_arm_fixunsdfsi.o)
                0x08000bc4                __aeabi_d2uiz
                0x08000bc4                __fixunsdfsi
 .text          0x08000c04       0x30 c:/program files (x86)/atollic/truestudio for stm32 9.3.0/armtools/bin/../lib/gcc/arm-atollic-eabi/6.3.1/armv7e-m/fpu\libgcc.a(_aeabi_uldivmod.o)
                0x08000c04                __aeabi_uldivmod
 .text          0x08000c34       0x28 c:/program files (x86)/atollic/truestudio for stm32 9.3.0/armtools/bin/../lib/gcc/arm-atollic-eabi/6.3.1/armv7e-m/fpu\libgcc.a(_popcountsi2.o)
                0x08000c34                __popcountsi2
 .text          0x08000c5c      0x2dc c:/program files (x86)/atollic/truestudio for stm32 9.3.0/armtools/bin/../lib/gcc/arm-atollic-eabi/6.3.1/armv7e-m/fpu\libgcc.a(_udivmoddi4.o)
                0x08000c5c                __udivmoddi4
 .text          0x08000f38        0x4 c:/program files (x86)/atollic/truestudio for stm32 9.3.0/armtools/bin/../lib/gcc/arm-atollic-eabi/6.3.1/armv7e-m/fpu\libgcc.a(_dvmd_tls.o)
                0x08000f38                __aeabi_idiv0
                0x08000f38                __aeabi_ldiv0
 *(.text*)
 .text.HAL_InitTick
                0x08000f3c       0x48 Drivers\STM32F4xx_HAL_Driver\Src\stm32f4xx_hal.o
                0x08000f3c                HAL_InitTick
 .text.HAL_Init
                0x08000f84       0x34 Drivers\STM32F4xx_HAL_Driver\Src\stm32f4xx_hal.o
                0x08000f84                HAL_Init
 .text.HAL_IncTick
                0x08000fb8       0x18 Drivers\STM32F4xx_HAL_Driver\Src\stm32f4xx_hal.o
                0x08000fb8                HAL_IncTick
 .text.HAL_GetTick
                0x08000fd0        0xc Drivers\STM32F4xx_HAL_Driver\Src\stm32f4xx_hal.o
                0x08000fd0                HAL_GetTick
 .text.HAL_Delay
                0x08000fdc       0x28 Drivers\STM32F4xx_HAL_Driver\Src\stm32f4xx_hal.o
                0x08000fdc                HAL_Delay
 .text.HAL_NVIC_SetPriorityGrouping
                0x08001004       0x24 Drivers\STM32F4xx_HAL_Driver\Src\stm32f4xx_hal_cortex.o
                0x08001004                HAL_NVIC_SetPriorityGrouping
 .text.HAL_NVIC_SetPriority
                0x08001028       0x68 Drivers\STM32F4xx_HAL_Driver\Src\stm32f4xx_hal_cortex.o
                0x08001028                HAL_NVIC_SetPriority
 .text.HAL_SYSTICK_Config
                0x08001090       0x2c Drivers\STM32F4xx_HAL_Driver\Src\stm32f4xx_hal_cortex.o
                0x08001090                HAL_SYSTICK_Config
 .text.HAL_DMA_Abort
                0x080010bc       0x86 Drivers\STM32F4xx_HAL_Driver\Src\stm32f4xx_hal_dma.o
                0x080010bc                HAL_DMA_Abort
 *fill*         0x08001142        0x2 
 .text.HAL_GPIO_Init
                0x08001144      0x1b4 Drivers\STM32F4xx_HAL_Driver\Src\stm32f4xx_hal_gpio.o
                0x08001144                HAL_GPIO_Init
 .text.QSPI_Config
                0x080012f8      0x144 Drivers\STM32F4xx_HAL_Driver\Src\stm32f4xx_hal_qspi.o
 .text.QSPI_WaitFlagStateUntilTimeout
                0x0800143c       0x4c Drivers\STM32F4xx_HAL_Driver\Src\stm32f4xx_hal_qspi.o
 .text.HAL_QSPI_Init
                0x08001488       0xa4 Drivers\STM32F4xx_HAL_Driver\Src\stm32f4xx_hal_qspi.o
                0x08001488                HAL_QSPI_Init
 .text.HAL_QSPI_Command
                0x0800152c       0x88 Drivers\STM32F4xx_HAL_Driver\Src\stm32f4xx_hal_qspi.o
                0x0800152c                HAL_QSPI_Command
 .text.HAL_QSPI_Abort
                0x080015b4       0x82 Drivers\STM32F4xx_HAL_Driver\Src\stm32f4xx_hal_qspi.o
                0x080015b4                HAL_QSPI_Abort
 .text.HAL_QSPI_Transmit
                0x08001636       0xbe Drivers\STM32F4xx_HAL_Driver\Src\stm32f4xx_hal_qspi.o
                0x08001636                HAL_QSPI_Transmit
 .text.HAL_QSPI_Receive
                0x080016f4       0xc6 Drivers\STM32F4xx_HAL_Driver\Src\stm32f4xx_hal_qspi.o
                0x080016f4                HAL_QSPI_Receive
 *fill*         0x080017ba        0x2 
 .text.HAL_RCC_GetSysClockFreq
                0x080017bc       0x5c Drivers\STM32F4xx_HAL_Driver\Src\stm32f4xx_hal_rcc.o
                0x080017bc                HAL_RCC_GetSysClockFreq
 .text.HAL_RCC_ClockConfig
                0x08001818      0x138 Drivers\STM32F4xx_HAL_Driver\Src\stm32f4xx_hal_rcc.o
                0x08001818                HAL_RCC_ClockConfig
 .text.HAL_RCC_GetPCLK1Freq
                0x08001950       0x20 Drivers\STM32F4xx_HAL_Driver\Src\stm32f4xx_hal_rcc.o
                0x08001950                HAL_RCC_GetPCLK1Freq
 .text.HAL_RCC_GetPCLK2Freq
                0x08001970       0x20 Drivers\STM32F4xx_HAL_Driver\Src\stm32f4xx_hal_rcc.o
                0x08001970                HAL_RCC_GetPCLK2Freq
 .text.HAL_RCC_OscConfig
                0x08001990      0x308 Drivers\STM32F4xx_HAL_Driver\Src\stm32f4xx_hal_rcc_ex.o
                0x08001990                HAL_RCC_OscConfig
 .text.UART_SetConfig
                0x08001c98       0xfc Drivers\STM32F4xx_HAL_Driver\Src\stm32f4xx_hal_uart.o
 .text.UART_WaitOnFlagUntilTimeout.constprop.3
                0x08001d94       0x50 Drivers\STM32F4xx_HAL_Driver\Src\stm32f4xx_hal_uart.o
 .text.HAL_UART_Init
                0x08001de4       0x5c Drivers\STM32F4xx_HAL_Driver\Src\stm32f4xx_hal_uart.o
                0x08001de4                HAL_UART_Init
 .text.HAL_UART_Transmit
                0x08001e40       0xbe Drivers\STM32F4xx_HAL_Driver\Src\stm32f4xx_hal_uart.o
                0x08001e40                HAL_UART_Transmit
 *fill*         0x08001efe        0x2 
 .text.MX_GPIO_Init
                0x08001f00       0x4c Src\gpio.o
                0x08001f00                MX_GPIO_Init
 .text.user_provided_block_device_sync
                0x08001f4c        0x4 Src\main.o
                0x08001f4c                user_provided_block_device_sync
 .text.user_provided_block_device_read
                0x08001f50       0x34 Src\main.o
                0x08001f50                user_provided_block_device_read
 .text.user_provided_block_device_prog
                0x08001f84       0x8c Src\main.o
                0x08001f84                user_provided_block_device_prog
 .text.user_provided_block_device_erase
                0x08002010       0x50 Src\main.o
                0x08002010                user_provided_block_device_erase
 .text.SystemClock_Config
                0x08002060       0x7c Src\main.o
                0x08002060                SystemClock_Config
 .text.startup.main
                0x080020dc      0x1e0 Src\main.o
                0x080020dc                main
 .text.Error_Handler
                0x080022bc        0x2 Src\main.o
                0x080022bc                Error_Handler
 *fill*         0x080022be        0x2 
 .text.MX_QUADSPI_Init
                0x080022c0       0x3c Src\quadspi.o
                0x080022c0                MX_QUADSPI_Init
 .text.HAL_QSPI_MspInit
                0x080022fc       0xdc Src\quadspi.o
                0x080022fc                HAL_QSPI_MspInit
 .text.HAL_MspInit
                0x080023d8       0x38 Src\stm32f4xx_hal_msp.o
                0x080023d8                HAL_MspInit
 .text.NMI_Handler
                0x08002410        0x2 Src\stm32f4xx_it.o
                0x08002410                NMI_Handler
 .text.HardFault_Handler
                0x08002412        0x2 Src\stm32f4xx_it.o
                0x08002412                HardFault_Handler
 .text.MemManage_Handler
                0x08002414        0x2 Src\stm32f4xx_it.o
                0x08002414                MemManage_Handler
 .text.BusFault_Handler
                0x08002416        0x2 Src\stm32f4xx_it.o
                0x08002416                BusFault_Handler
 .text.UsageFault_Handler
                0x08002418        0x2 Src\stm32f4xx_it.o
                0x08002418                UsageFault_Handler
 .text.SVC_Handler
                0x0800241a        0x2 Src\stm32f4xx_it.o
                0x0800241a                SVC_Handler
 .text.DebugMon_Handler
                0x0800241c        0x2 Src\stm32f4xx_it.o
                0x0800241c                DebugMon_Handler
 .text.PendSV_Handler
                0x0800241e        0x2 Src\stm32f4xx_it.o
                0x0800241e                PendSV_Handler
 .text.SysTick_Handler
                0x08002420        0x4 Src\stm32f4xx_it.o
                0x08002420                SysTick_Handler
 .text._read    0x08002424       0x1c Src\syscalls.o
                0x08002424                _read
 .text._write   0x08002440       0x1c Src\syscalls.o
                0x08002440                _write
 .text._sbrk    0x0800245c       0x34 Src\syscalls.o
                0x0800245c                _sbrk
 .text._close   0x08002490        0x6 Src\syscalls.o
                0x08002490                _close
 .text._fstat   0x08002496        0xa Src\syscalls.o
                0x08002496                _fstat
 .text._isatty  0x080024a0        0x4 Src\syscalls.o
                0x080024a0                _isatty
 .text._lseek   0x080024a4        0x4 Src\syscalls.o
                0x080024a4                _lseek
 .text.SystemInit
                0x080024a8       0x1c Src\system_stm32f4xx.o
                0x080024a8                SystemInit
 .text.MX_USART3_UART_Init
                0x080024c4       0x38 Src\usart.o
                0x080024c4                MX_USART3_UART_Init
 .text.HAL_UART_MspInit
                0x080024fc       0x98 Src\usart.o
                0x080024fc                HAL_UART_MspInit
 .text.spi_write_enable
                0x08002594       0x40 Winbond_25Q\Winbond_25Q.o
                0x08002594                spi_write_enable
 .text.spi_read_data
                0x080025d4       0x78 Winbond_25Q\Winbond_25Q.o
                0x080025d4                spi_read_data
 .text.spi_page_program
                0x0800264c       0x80 Winbond_25Q\Winbond_25Q.o
                0x0800264c                spi_page_program
 .text.spi_erase_sector
                0x080026cc       0x50 Winbond_25Q\Winbond_25Q.o
                0x080026cc                spi_erase_sector
 .text.spi_read_status_1
                0x0800271c       0x74 Winbond_25Q\Winbond_25Q.o
                0x0800271c                spi_read_status_1
 .text._putchar
                0x08002790       0x20 dbg\DBG.o
                0x08002790                _putchar
 .text.DBG_init
                0x080027b0        0xc dbg\DBG.o
                0x080027b0                DBG_init
 .text.DBG_clear_screen
                0x080027bc       0x20 dbg\DBG.o
                0x080027bc                DBG_clear_screen
 .text.DBG_println
                0x080027dc       0x30 dbg\DBG.o
                0x080027dc                DBG_println
 .text._out_null
                0x0800280c        0x2 dbg\printf\printf.o
 .text._out_rev
                0x0800280e       0x7c dbg\printf\printf.o
 .text._ntoa_format
                0x0800288a      0x116 dbg\printf\printf.o
 .text._ntoa_long
                0x080029a0       0x80 dbg\printf\printf.o
 .text._ntoa_long_long
                0x08002a20       0xac dbg\printf\printf.o
 .text._out_char
                0x08002acc        0x8 dbg\printf\printf.o
 *fill*         0x08002ad4        0x4 
 .text._ftoa    0x08002ad8      0x2e4 dbg\printf\printf.o
 *fill*         0x08002dbc        0x4 
 .text._etoa    0x08002dc0      0x394 dbg\printf\printf.o
 .text._vsnprintf
                0x08003154      0x520 dbg\printf\printf.o
 .text.vprintf_
                0x08003674       0x1c dbg\printf\printf.o
                0x08003674                vprintf_
 .text.lfs_pair_isnull
                0x08003690       0x14 littlefs\littlefs\lfs.o
 .text.lfs_pair_cmp
                0x080036a4       0x22 littlefs\littlefs\lfs.o
 .text.lfs_tag_dsize
                0x080036c6       0x14 littlefs\littlefs\lfs.o
 .text.lfs_gstate_xor
                0x080036da       0x1a littlefs\littlefs\lfs.o
 .text.lfs_gstate_iszero
                0x080036f4       0x16 littlefs\littlefs\lfs.o
 .text.lfs_gstate_hasmovehere
                0x0800370a       0x1e littlefs\littlefs\lfs.o
 .text.lfs_alloc_lookahead
                0x08003728       0x36 littlefs\littlefs\lfs.o
 *fill*         0x0800375e        0x2 
 .text.lfs_dir_traverse_filter
                0x08003760       0x68 littlefs\littlefs\lfs.o
 .text.lfs_dir_commit_size
                0x080037c8       0x14 littlefs\littlefs\lfs.o
 .text.lfs_fs_size_count
                0x080037dc        0xa littlefs\littlefs\lfs.o
 .text.lfs_deinit
                0x080037e6       0x2c littlefs\littlefs\lfs.o
 .text.lfs_fs_preporphans.isra.13
                0x08003812       0x1a littlefs\littlefs\lfs.o
 .text.lfs_bd_read.isra.14
                0x0800382c      0x15c littlefs\littlefs\lfs.o
 .text.lfs_fs_parent_match
                0x08003988       0x3e littlefs\littlefs\lfs.o
 *fill*         0x080039c6        0x2 
 .text.lfs_dir_fetchmatch
                0x080039c8      0x3e8 littlefs\littlefs\lfs.o
 .text.lfs_fs_parent
                0x08003db0       0x80 littlefs\littlefs\lfs.o
 .text.lfs_dir_fetch
                0x08003e30       0x1a littlefs\littlefs\lfs.o
 .text.lfs_fs_pred
                0x08003e4a       0x54 littlefs\littlefs\lfs.o
 *fill*         0x08003e9e        0x2 
 .text.lfs_dir_traverse
                0x08003ea0      0x1a0 littlefs\littlefs\lfs.o
 .text.lfs_dir_getslice
                0x08004040      0x130 littlefs\littlefs\lfs.o
 .text.lfs_dir_get
                0x08004170       0x18 littlefs\littlefs\lfs.o
 .text.lfs_dir_getgstate
                0x08004188       0x34 littlefs\littlefs\lfs.o
 .text.lfs_dir_find
                0x080041bc      0x158 littlefs\littlefs\lfs.o
 .text.lfs_cache_zero.isra.15
                0x08004314       0x16 littlefs\littlefs\lfs.o
 .text.lfs_init
                0x0800432a       0xb2 littlefs\littlefs\lfs.o
 .text.lfs_ctz_index.isra.17
                0x080043dc       0x34 littlefs\littlefs\lfs.o
 .text.lfs_ctz_traverse.part.18
                0x08004410       0x7a littlefs\littlefs\lfs.o
 .text.lfs_ctz_find.constprop.24
                0x0800448a       0x94 littlefs\littlefs\lfs.o
 *fill*         0x0800451e        0x2 
 .text.lfs_dir_getread.constprop.25
                0x08004520       0xbc littlefs\littlefs\lfs.o
 .text.lfs_bd_cmp.constprop.27
                0x080045dc       0x62 littlefs\littlefs\lfs.o
 .text.lfs_bd_flush
                0x0800463e       0x82 littlefs\littlefs\lfs.o
 .text.lfs_bd_prog
                0x080046c0       0x9c littlefs\littlefs\lfs.o
 .text.lfs_dir_commitprog
                0x0800475c       0x3e littlefs\littlefs\lfs.o
 .text.lfs_dir_commitattr
                0x0800479a       0xb0 littlefs\littlefs\lfs.o
 .text.lfs_dir_commit_commit
                0x0800484a        0xa littlefs\littlefs\lfs.o
 .text.lfs_dir_commitcrc
                0x08004854      0x1c2 littlefs\littlefs\lfs.o
 .text.lfs_dir_find_match
                0x08004a16       0x3c littlefs\littlefs\lfs.o
 *fill*         0x08004a52        0x2 
 .text.lfs_file_tell
                0x08004a54       0x40 littlefs\littlefs\lfs.o
                0x08004a54                lfs_file_tell
 .text.lfs_file_size
                0x08004a94       0x68 littlefs\littlefs\lfs.o
                0x08004a94                lfs_file_size
 .text.lfs_unmount
                0x08004afc       0x48 littlefs\littlefs\lfs.o
                0x08004afc                lfs_unmount
 .text.lfs_mount
                0x08004b44      0x25c littlefs\littlefs\lfs.o
                0x08004b44                lfs_mount
 .text.lfs_fs_traverseraw
                0x08004da0      0x154 littlefs\littlefs\lfs.o
                0x08004da0                lfs_fs_traverseraw
 .text.lfs_alloc
                0x08004ef4      0x104 littlefs\littlefs\lfs.o
 .text.lfs_dir_alloc
                0x08004ff8       0x6c littlefs\littlefs\lfs.o
 .text.lfs_file_relocate
                0x08005064      0x10c littlefs\littlefs\lfs.o
 .text.lfs_file_write
                0x08005170      0x3e4 littlefs\littlefs\lfs.o
                0x08005170                lfs_file_write
 .text.lfs_file_flush
                0x08005554      0x108 littlefs\littlefs\lfs.o
 .text.lfs_file_read
                0x0800565c      0x194 littlefs\littlefs\lfs.o
                0x0800565c                lfs_file_read
 .text.lfs_file_seek
                0x080057f0       0xa8 littlefs\littlefs\lfs.o
                0x080057f0                lfs_file_seek
 .text.lfs_file_rewind
                0x08005898       0x68 littlefs\littlefs\lfs.o
                0x08005898                lfs_file_rewind
 .text.lfs_fs_size
                0x08005900       0x68 littlefs\littlefs\lfs.o
                0x08005900                lfs_fs_size
 .text.lfs_dir_compact
                0x08005968      0x52c littlefs\littlefs\lfs.o
 .text.lfs_dir_commit
                0x08005e94      0x31c littlefs\littlefs\lfs.o
 .text.lfs_dir_drop
                0x080061b0       0x3c littlefs\littlefs\lfs.o
 .text.lfs_fs_forceconsistency
                0x080061ec      0x190 littlefs\littlefs\lfs.o
 .text.lfs_file_sync
                0x0800637c      0x10c littlefs\littlefs\lfs.o
                0x0800637c                lfs_file_sync
 .text.lfs_file_close
                0x08006488       0x74 littlefs\littlefs\lfs.o
                0x08006488                lfs_file_close
 .text.lfs_file_opencfg
                0x080064fc      0x2ac littlefs\littlefs\lfs.o
                0x080064fc                lfs_file_opencfg
 .text.lfs_file_open
                0x080067a8       0x64 littlefs\littlefs\lfs.o
                0x080067a8                lfs_file_open
 .text.lfs_format
                0x0800680c      0x150 littlefs\littlefs\lfs.o
                0x0800680c                lfs_format
 .text.lfs_dir_split
                0x0800695c       0x7e littlefs\littlefs\lfs.o
 *fill*         0x080069da        0x2 
 .text.lfs_crc  0x080069dc       0x38 misc\lfs_config.o
                0x080069dc                lfs_crc
 .text.Reset_Handler
                0x08006a14       0x50 startup\startup_stm32f413xx.o
                0x08006a14                Reset_Handler
 .text.Default_Handler
                0x08006a64        0x2 startup\startup_stm32f413xx.o
                0x08006a64                RTC_Alarm_IRQHandler
                0x08006a64                EXTI2_IRQHandler
                0x08006a64                TIM8_CC_IRQHandler
                0x08006a64                UART8_IRQHandler
                0x08006a64                FMPI2C1_EV_IRQHandler
                0x08006a64                SPI4_IRQHandler
                0x08006a64                TIM1_CC_IRQHandler
                0x08006a64                DMA2_Stream5_IRQHandler
                0x08006a64                DMA1_Stream5_IRQHandler
                0x08006a64                CAN3_RX1_IRQHandler
                0x08006a64                PVD_IRQHandler
                0x08006a64                SDIO_IRQHandler
                0x08006a64                TAMP_STAMP_IRQHandler
                0x08006a64                CAN2_RX1_IRQHandler
                0x08006a64                EXTI3_IRQHandler
                0x08006a64                TIM8_TRG_COM_TIM14_IRQHandler
                0x08006a64                DFSDM1_FLT1_IRQHandler
                0x08006a64                TIM1_UP_TIM10_IRQHandler
                0x08006a64                TIM8_UP_TIM13_IRQHandler
                0x08006a64                I2C3_ER_IRQHandler
                0x08006a64                EXTI0_IRQHandler
                0x08006a64                I2C2_EV_IRQHandler
                0x08006a64                DMA1_Stream2_IRQHandler
                0x08006a64                CAN1_RX0_IRQHandler
                0x08006a64                FPU_IRQHandler
                0x08006a64                CAN3_SCE_IRQHandler
                0x08006a64                CAN2_SCE_IRQHandler
                0x08006a64                DMA2_Stream2_IRQHandler
                0x08006a64                SPI1_IRQHandler
                0x08006a64                TIM6_DAC_IRQHandler
                0x08006a64                TIM1_BRK_TIM9_IRQHandler
                0x08006a64                CAN2_RX0_IRQHandler
                0x08006a64                DMA2_Stream3_IRQHandler
                0x08006a64                USART6_IRQHandler
                0x08006a64                CAN3_RX0_IRQHandler
                0x08006a64                USART3_IRQHandler
                0x08006a64                DFSDM2_FLT3_IRQHandler
                0x08006a64                CAN1_RX1_IRQHandler
                0x08006a64                UART5_IRQHandler
                0x08006a64                DMA2_Stream0_IRQHandler
                0x08006a64                TIM4_IRQHandler
                0x08006a64                QUADSPI_IRQHandler
                0x08006a64                I2C1_EV_IRQHandler
                0x08006a64                DMA1_Stream6_IRQHandler
                0x08006a64                DMA1_Stream1_IRQHandler
                0x08006a64                UART4_IRQHandler
                0x08006a64                TIM3_IRQHandler
                0x08006a64                RCC_IRQHandler
                0x08006a64                UART9_IRQHandler
                0x08006a64                TIM8_BRK_TIM12_IRQHandler
                0x08006a64                Default_Handler
                0x08006a64                EXTI15_10_IRQHandler
                0x08006a64                ADC_IRQHandler
                0x08006a64                DMA1_Stream7_IRQHandler
                0x08006a64                DFSDM2_FLT0_IRQHandler
                0x08006a64                SPI5_IRQHandler
                0x08006a64                TIM7_IRQHandler
                0x08006a64                CAN2_TX_IRQHandler
                0x08006a64                TIM5_IRQHandler
                0x08006a64                DMA2_Stream7_IRQHandler
                0x08006a64                I2C3_EV_IRQHandler
                0x08006a64                DFSDM2_FLT2_IRQHandler
                0x08006a64                EXTI9_5_IRQHandler
                0x08006a64                RTC_WKUP_IRQHandler
                0x08006a64                SPI2_IRQHandler
                0x08006a64                DMA1_Stream0_IRQHandler
                0x08006a64                CAN1_TX_IRQHandler
                0x08006a64                FMPI2C1_ER_IRQHandler
                0x08006a64                EXTI4_IRQHandler
                0x08006a64                DFSDM2_FLT1_IRQHandler
                0x08006a64                RNG_IRQHandler
                0x08006a64                FSMC_IRQHandler
                0x08006a64                WWDG_IRQHandler
                0x08006a64                CAN3_TX_IRQHandler
                0x08006a64                TIM2_IRQHandler
                0x08006a64                OTG_FS_WKUP_IRQHandler
                0x08006a64                TIM1_TRG_COM_TIM11_IRQHandler
                0x08006a64                EXTI1_IRQHandler
                0x08006a64                UART7_IRQHandler
                0x08006a64                USART2_IRQHandler
                0x08006a64                DFSDM1_FLT0_IRQHandler
                0x08006a64                I2C2_ER_IRQHandler
                0x08006a64                DMA2_Stream1_IRQHandler
                0x08006a64                CAN1_SCE_IRQHandler
                0x08006a64                FLASH_IRQHandler
                0x08006a64                DMA2_Stream4_IRQHandler
                0x08006a64                USART1_IRQHandler
                0x08006a64                OTG_FS_IRQHandler
                0x08006a64                SPI3_IRQHandler
                0x08006a64                DMA1_Stream4_IRQHandler
                0x08006a64                I2C1_ER_IRQHandler
                0x08006a64                LPTIM1_IRQHandler
                0x08006a64                DMA2_Stream6_IRQHandler
                0x08006a64                UART10_IRQHandler
                0x08006a64                SAI1_IRQHandler
                0x08006a64                DMA1_Stream3_IRQHandler
 *fill*         0x08006a66        0x2 
 .text.__errno  0x08006a68        0xc c:/program files (x86)/atollic/truestudio for stm32 9.3.0/armtools/bin/../lib/gcc/arm-atollic-eabi/6.3.1/../../../../arm-atollic-eabi/lib/armv7e-m/fpu\libc_nano.a(lib_a-errno.o)
                0x08006a68                __errno
 .text.__libc_init_array
                0x08006a74       0x48 c:/program files (x86)/atollic/truestudio for stm32 9.3.0/armtools/bin/../lib/gcc/arm-atollic-eabi/6.3.1/../../../../arm-atollic-eabi/lib/armv7e-m/fpu\libc_nano.a(lib_a-init.o)
                0x08006a74                __libc_init_array
 .text.malloc   0x08006abc       0x10 c:/program files (x86)/atollic/truestudio for stm32 9.3.0/armtools/bin/../lib/gcc/arm-atollic-eabi/6.3.1/../../../../arm-atollic-eabi/lib/armv7e-m/fpu\libc_nano.a(lib_a-malloc.o)
                0x08006abc                malloc
 .text.free     0x08006acc       0x10 c:/program files (x86)/atollic/truestudio for stm32 9.3.0/armtools/bin/../lib/gcc/arm-atollic-eabi/6.3.1/../../../../arm-atollic-eabi/lib/armv7e-m/fpu\libc_nano.a(lib_a-malloc.o)
                0x08006acc                free
 .text.memcmp   0x08006adc       0x1e c:/program files (x86)/atollic/truestudio for stm32 9.3.0/armtools/bin/../lib/gcc/arm-atollic-eabi/6.3.1/../../../../arm-atollic-eabi/lib/armv7e-m/fpu\libc_nano.a(lib_a-memcmp.o)
                0x08006adc                memcmp
 .text.memcpy   0x08006afa       0x16 c:/program files (x86)/atollic/truestudio for stm32 9.3.0/armtools/bin/../lib/gcc/arm-atollic-eabi/6.3.1/../../../../arm-atollic-eabi/lib/armv7e-m/fpu\libc_nano.a(lib_a-memcpy-stub.o)
                0x08006afa                memcpy
 .text.memset   0x08006b10       0x10 c:/program files (x86)/atollic/truestudio for stm32 9.3.0/armtools/bin/../lib/gcc/arm-atollic-eabi/6.3.1/../../../../arm-atollic-eabi/lib/armv7e-m/fpu\libc_nano.a(lib_a-memset.o)
                0x08006b10                memset
 .text._free_r  0x08006b20       0x9c c:/program files (x86)/atollic/truestudio for stm32 9.3.0/armtools/bin/../lib/gcc/arm-atollic-eabi/6.3.1/../../../../arm-atollic-eabi/lib/armv7e-m/fpu\libc_nano.a(lib_a-nano-freer.o)
                0x08006b20                _free_r
 .text._malloc_r
                0x08006bbc       0xbc c:/program files (x86)/atollic/truestudio for stm32 9.3.0/armtools/bin/../lib/gcc/arm-atollic-eabi/6.3.1/../../../../arm-atollic-eabi/lib/armv7e-m/fpu\libc_nano.a(lib_a-nano-mallocr.o)
                0x08006bbc                _malloc_r
 .text.printf   0x08006c78       0x30 c:/program files (x86)/atollic/truestudio for stm32 9.3.0/armtools/bin/../lib/gcc/arm-atollic-eabi/6.3.1/../../../../arm-atollic-eabi/lib/armv7e-m/fpu\libc_nano.a(lib_a-printf.o)
                0x08006c78                iprintf
                0x08006c78                printf
 .text._sbrk_r  0x08006ca8       0x20 c:/program files (x86)/atollic/truestudio for stm32 9.3.0/armtools/bin/../lib/gcc/arm-atollic-eabi/6.3.1/../../../../arm-atollic-eabi/lib/armv7e-m/fpu\libc_nano.a(lib_a-sbrkr.o)
                0x08006ca8                _sbrk_r
 .text.strchr   0x08006cc8       0x1c c:/program files (x86)/atollic/truestudio for stm32 9.3.0/armtools/bin/../lib/gcc/arm-atollic-eabi/6.3.1/../../../../arm-atollic-eabi/lib/armv7e-m/fpu\libc_nano.a(lib_a-strchr.o)
                0x08006cc8                strchr
 .text.strcspn  0x08006ce4       0x24 c:/program files (x86)/atollic/truestudio for stm32 9.3.0/armtools/bin/../lib/gcc/arm-atollic-eabi/6.3.1/../../../../arm-atollic-eabi/lib/armv7e-m/fpu\libc_nano.a(lib_a-strcspn.o)
                0x08006ce4                strcspn
 .text.strspn   0x08006d08       0x24 c:/program files (x86)/atollic/truestudio for stm32 9.3.0/armtools/bin/../lib/gcc/arm-atollic-eabi/6.3.1/../../../../arm-atollic-eabi/lib/armv7e-m/fpu\libc_nano.a(lib_a-strspn.o)
                0x08006d08                strspn
 .text._cleanup_r
                0x08006d2c        0xc c:/program files (x86)/atollic/truestudio for stm32 9.3.0/armtools/bin/../lib/gcc/arm-atollic-eabi/6.3.1/../../../../arm-atollic-eabi/lib/armv7e-m/fpu\libc_nano.a(lib_a-findfp.o)
                0x08006d2c                _cleanup_r
 .text.std.isra.0
                0x08006d38       0x48 c:/program files (x86)/atollic/truestudio for stm32 9.3.0/armtools/bin/../lib/gcc/arm-atollic-eabi/6.3.1/../../../../arm-atollic-eabi/lib/armv7e-m/fpu\libc_nano.a(lib_a-findfp.o)
 .text.__sfmoreglue
                0x08006d80       0x2c c:/program files (x86)/atollic/truestudio for stm32 9.3.0/armtools/bin/../lib/gcc/arm-atollic-eabi/6.3.1/../../../../arm-atollic-eabi/lib/armv7e-m/fpu\libc_nano.a(lib_a-findfp.o)
                0x08006d80                __sfmoreglue
 .text.__sinit  0x08006dac       0x60 c:/program files (x86)/atollic/truestudio for stm32 9.3.0/armtools/bin/../lib/gcc/arm-atollic-eabi/6.3.1/../../../../arm-atollic-eabi/lib/armv7e-m/fpu\libc_nano.a(lib_a-findfp.o)
                0x08006dac                __sinit
 .text.__sfp    0x08006e0c       0x78 c:/program files (x86)/atollic/truestudio for stm32 9.3.0/armtools/bin/../lib/gcc/arm-atollic-eabi/6.3.1/../../../../arm-atollic-eabi/lib/armv7e-m/fpu\libc_nano.a(lib_a-findfp.o)
                0x08006e0c                __sfp
 .text._fwalk_reent
                0x08006e84       0x3c c:/program files (x86)/atollic/truestudio for stm32 9.3.0/armtools/bin/../lib/gcc/arm-atollic-eabi/6.3.1/../../../../arm-atollic-eabi/lib/armv7e-m/fpu\libc_nano.a(lib_a-fwalk.o)
                0x08006e84                _fwalk_reent
 .text.__malloc_lock
                0x08006ec0        0x2 c:/program files (x86)/atollic/truestudio for stm32 9.3.0/armtools/bin/../lib/gcc/arm-atollic-eabi/6.3.1/../../../../arm-atollic-eabi/lib/armv7e-m/fpu\libc_nano.a(lib_a-mlock.o)
                0x08006ec0                __malloc_lock
 .text.__malloc_unlock
                0x08006ec2        0x2 c:/program files (x86)/atollic/truestudio for stm32 9.3.0/armtools/bin/../lib/gcc/arm-atollic-eabi/6.3.1/../../../../arm-atollic-eabi/lib/armv7e-m/fpu\libc_nano.a(lib_a-mlock.o)
                0x08006ec2                __malloc_unlock
 .text.__sfputc_r
                0x08006ec4       0x30 c:/program files (x86)/atollic/truestudio for stm32 9.3.0/armtools/bin/../lib/gcc/arm-atollic-eabi/6.3.1/../../../../arm-atollic-eabi/lib/armv7e-m/fpu\libc_nano.a(lib_a-nano-vfprintf.o)
 .text.__sfputs_r
                0x08006ef4       0x24 c:/program files (x86)/atollic/truestudio for stm32 9.3.0/armtools/bin/../lib/gcc/arm-atollic-eabi/6.3.1/../../../../arm-atollic-eabi/lib/armv7e-m/fpu\libc_nano.a(lib_a-nano-vfprintf.o)
                0x08006ef4                __sfputs_r
 .text._vfprintf_r
                0x08006f18      0x22c c:/program files (x86)/atollic/truestudio for stm32 9.3.0/armtools/bin/../lib/gcc/arm-atollic-eabi/6.3.1/../../../../arm-atollic-eabi/lib/armv7e-m/fpu\libc_nano.a(lib_a-nano-vfprintf.o)
                0x08006f18                _vfprintf_r
                0x08006f18                _vfiprintf_r
 .text._printf_common
                0x08007144       0xec c:/program files (x86)/atollic/truestudio for stm32 9.3.0/armtools/bin/../lib/gcc/arm-atollic-eabi/6.3.1/../../../../arm-atollic-eabi/lib/armv7e-m/fpu\libc_nano.a(lib_a-nano-vfprintf_i.o)
                0x08007144                _printf_common
 .text._printf_i
                0x08007230      0x240 c:/program files (x86)/atollic/truestudio for stm32 9.3.0/armtools/bin/../lib/gcc/arm-atollic-eabi/6.3.1/../../../../arm-atollic-eabi/lib/armv7e-m/fpu\libc_nano.a(lib_a-nano-vfprintf_i.o)
                0x08007230                _printf_i
 .text.__sread  0x08007470       0x22 c:/program files (x86)/atollic/truestudio for stm32 9.3.0/armtools/bin/../lib/gcc/arm-atollic-eabi/6.3.1/../../../../arm-atollic-eabi/lib/armv7e-m/fpu\libc_nano.a(lib_a-stdio.o)
                0x08007470                __sread
 .text.__swrite
                0x08007492       0x38 c:/program files (x86)/atollic/truestudio for stm32 9.3.0/armtools/bin/../lib/gcc/arm-atollic-eabi/6.3.1/../../../../arm-atollic-eabi/lib/armv7e-m/fpu\libc_nano.a(lib_a-stdio.o)
                0x08007492                __swrite
 .text.__sseek  0x080074ca       0x24 c:/program files (x86)/atollic/truestudio for stm32 9.3.0/armtools/bin/../lib/gcc/arm-atollic-eabi/6.3.1/../../../../arm-atollic-eabi/lib/armv7e-m/fpu\libc_nano.a(lib_a-stdio.o)
                0x080074ca                __sseek
 .text.__sclose
                0x080074ee        0x8 c:/program files (x86)/atollic/truestudio for stm32 9.3.0/armtools/bin/../lib/gcc/arm-atollic-eabi/6.3.1/../../../../arm-atollic-eabi/lib/armv7e-m/fpu\libc_nano.a(lib_a-stdio.o)
                0x080074ee                __sclose
 *fill*         0x080074f6        0x2 
 .text.__swbuf_r
                0x080074f8       0xa4 c:/program files (x86)/atollic/truestudio for stm32 9.3.0/armtools/bin/../lib/gcc/arm-atollic-eabi/6.3.1/../../../../arm-atollic-eabi/lib/armv7e-m/fpu\libc_nano.a(lib_a-wbuf.o)
                0x080074f8                __swbuf_r
 .text._write_r
                0x0800759c       0x24 c:/program files (x86)/atollic/truestudio for stm32 9.3.0/armtools/bin/../lib/gcc/arm-atollic-eabi/6.3.1/../../../../arm-atollic-eabi/lib/armv7e-m/fpu\libc_nano.a(lib_a-writer.o)
                0x0800759c                _write_r
 .text.__swsetup_r
                0x080075c0       0xdc c:/program files (x86)/atollic/truestudio for stm32 9.3.0/armtools/bin/../lib/gcc/arm-atollic-eabi/6.3.1/../../../../arm-atollic-eabi/lib/armv7e-m/fpu\libc_nano.a(lib_a-wsetup.o)
                0x080075c0                __swsetup_r
 .text._close_r
                0x0800769c       0x20 c:/program files (x86)/atollic/truestudio for stm32 9.3.0/armtools/bin/../lib/gcc/arm-atollic-eabi/6.3.1/../../../../arm-atollic-eabi/lib/armv7e-m/fpu\libc_nano.a(lib_a-closer.o)
                0x0800769c                _close_r
 .text.__sflush_r
                0x080076bc      0x110 c:/program files (x86)/atollic/truestudio for stm32 9.3.0/armtools/bin/../lib/gcc/arm-atollic-eabi/6.3.1/../../../../arm-atollic-eabi/lib/armv7e-m/fpu\libc_nano.a(lib_a-fflush.o)
                0x080076bc                __sflush_r
 .text._fflush_r
                0x080077cc       0x54 c:/program files (x86)/atollic/truestudio for stm32 9.3.0/armtools/bin/../lib/gcc/arm-atollic-eabi/6.3.1/../../../../arm-atollic-eabi/lib/armv7e-m/fpu\libc_nano.a(lib_a-fflush.o)
                0x080077cc                _fflush_r
 .text._lseek_r
                0x08007820       0x24 c:/program files (x86)/atollic/truestudio for stm32 9.3.0/armtools/bin/../lib/gcc/arm-atollic-eabi/6.3.1/../../../../arm-atollic-eabi/lib/armv7e-m/fpu\libc_nano.a(lib_a-lseekr.o)
                0x08007820                _lseek_r
 .text.__swhatbuf_r
                0x08007844       0x48 c:/program files (x86)/atollic/truestudio for stm32 9.3.0/armtools/bin/../lib/gcc/arm-atollic-eabi/6.3.1/../../../../arm-atollic-eabi/lib/armv7e-m/fpu\libc_nano.a(lib_a-makebuf.o)
                0x08007844                __swhatbuf_r
 .text.__smakebuf_r
                0x0800788c       0x80 c:/program files (x86)/atollic/truestudio for stm32 9.3.0/armtools/bin/../lib/gcc/arm-atollic-eabi/6.3.1/../../../../arm-atollic-eabi/lib/armv7e-m/fpu\libc_nano.a(lib_a-makebuf.o)
                0x0800788c                __smakebuf_r
 .text._read_r  0x0800790c       0x24 c:/program files (x86)/atollic/truestudio for stm32 9.3.0/armtools/bin/../lib/gcc/arm-atollic-eabi/6.3.1/../../../../arm-atollic-eabi/lib/armv7e-m/fpu\libc_nano.a(lib_a-readr.o)
                0x0800790c                _read_r
 .text._fstat_r
                0x08007930       0x24 c:/program files (x86)/atollic/truestudio for stm32 9.3.0/armtools/bin/../lib/gcc/arm-atollic-eabi/6.3.1/../../../../arm-atollic-eabi/lib/armv7e-m/fpu\libc_nano.a(lib_a-fstatr.o)
                0x08007930                _fstat_r
 .text._isatty_r
                0x08007954       0x20 c:/program files (x86)/atollic/truestudio for stm32 9.3.0/armtools/bin/../lib/gcc/arm-atollic-eabi/6.3.1/../../../../arm-atollic-eabi/lib/armv7e-m/fpu\libc_nano.a(lib_a-isattyr.o)
                0x08007954                _isatty_r
 *(.glue_7)
 .glue_7        0x08007974        0x0 linker stubs
 *(.glue_7t)
 .glue_7t       0x08007974        0x0 linker stubs
 *(.eh_frame)
 .eh_frame      0x08007974        0x0 c:/program files (x86)/atollic/truestudio for stm32 9.3.0/armtools/bin/../lib/gcc/arm-atollic-eabi/6.3.1/armv7e-m/fpu/crtbegin.o
 *(.init)
 .init          0x08007974        0x4 c:/program files (x86)/atollic/truestudio for stm32 9.3.0/armtools/bin/../lib/gcc/arm-atollic-eabi/6.3.1/armv7e-m/fpu/crti.o
                0x08007974                _init
 .init          0x08007978        0x8 c:/program files (x86)/atollic/truestudio for stm32 9.3.0/armtools/bin/../lib/gcc/arm-atollic-eabi/6.3.1/armv7e-m/fpu/crtn.o
 *(.fini)
 .fini          0x08007980        0x4 c:/program files (x86)/atollic/truestudio for stm32 9.3.0/armtools/bin/../lib/gcc/arm-atollic-eabi/6.3.1/armv7e-m/fpu/crti.o
                0x08007980                _fini
 .fini          0x08007984        0x8 c:/program files (x86)/atollic/truestudio for stm32 9.3.0/armtools/bin/../lib/gcc/arm-atollic-eabi/6.3.1/armv7e-m/fpu/crtn.o
                0x0800798c                . = ALIGN (0x4)
                0x0800798c                _etext = .

.vfp11_veneer   0x0800798c        0x0
 .vfp11_veneer  0x0800798c        0x0 linker stubs

.v4_bx          0x0800798c        0x0
 .v4_bx         0x0800798c        0x0 linker stubs

.iplt           0x0800798c        0x0
 .iplt          0x0800798c        0x0 c:/program files (x86)/atollic/truestudio for stm32 9.3.0/armtools/bin/../lib/gcc/arm-atollic-eabi/6.3.1/armv7e-m/fpu/crtbegin.o

.rodata         0x08007990      0xf9c
                0x08007990                . = ALIGN (0x4)
 *(.rodata)
 .rodata        0x08007990        0x8 littlefs\littlefs\lfs.o
 *(.rodata*)
 .rodata.cfg    0x08007998       0x48 Src\main.o
                0x08007998                cfg
 .rodata.main.str1.1
                0x080079e0      0x223 Src\main.o
 .rodata.user_provided_block_device_erase.str1.1
                0x08007c03       0x31 Src\main.o
 .rodata.user_provided_block_device_prog.str1.1
                0x08007c34       0x6f Src\main.o
                                 0x77 (size before relaxing)
 .rodata.user_provided_block_device_read.str1.1
                0x08007ca3       0x25 Src\main.o
 .rodata.AHBPrescTable
                0x08007cc8       0x10 Src\system_stm32f4xx.o
                0x08007cc8                AHBPrescTable
 .rodata.APBPrescTable
                0x08007cd8        0x8 Src\system_stm32f4xx.o
                0x08007cd8                APBPrescTable
 .rodata.spi_page_program.str1.1
                0x08007ce0       0x28 Winbond_25Q\Winbond_25Q.o
 .rodata.spi_read_data.str1.1
                0x08007d08       0x24 Winbond_25Q\Winbond_25Q.o
 .rodata.spi_read_status_1.str1.1
                0x08007d2c       0x3f Winbond_25Q\Winbond_25Q.o
 .rodata.spi_write_enable.str1.1
                0x08007d6b       0x31 Winbond_25Q\Winbond_25Q.o
 .rodata.DBG_println.str1.1
                0x08007d9c        0x3 dbg\DBG.o
 .rodata._ftoa.str1.1
                0x08007d9f       0x12 dbg\printf\printf.o
 *fill*         0x08007db1        0x7 
 .rodata.pow10.5466
                0x08007db8       0x50 dbg\printf\printf.o
 .rodata.defaults.8011
                0x08007e08        0xc littlefs\littlefs\lfs.o
 .rodata.lfs_alloc.str1.1
                0x08007e14       0x27 littlefs\littlefs\lfs.o
 .rodata.lfs_dir_compact.str1.1
                0x08007e3b       0xe5 littlefs\littlefs\lfs.o
 .rodata.lfs_dir_fetchmatch.str1.1
                0x08007f20       0x50 littlefs\littlefs\lfs.o
                                 0x51 (size before relaxing)
 .rodata.lfs_dir_find.str1.1
                0x08007f70        0x2 littlefs\littlefs\lfs.o
                                  0x5 (size before relaxing)
 .rodata.lfs_file_close.str1.1
                0x08007f72       0x4c littlefs\littlefs\lfs.o
 .rodata.lfs_file_open.str1.1
                0x08007fbe       0x54 littlefs\littlefs\lfs.o
 .rodata.lfs_file_opencfg.str1.1
                0x08008012       0x87 littlefs\littlefs\lfs.o
 .rodata.lfs_file_read.str1.1
                0x08008099       0x78 littlefs\littlefs\lfs.o
 .rodata.lfs_file_relocate.str1.1
                0x08008111       0x23 littlefs\littlefs\lfs.o
 .rodata.lfs_file_rewind.str1.1
                0x08008134       0x75 littlefs\littlefs\lfs.o
 .rodata.lfs_file_seek.str1.1
                0x080081a9       0x78 littlefs\littlefs\lfs.o
 .rodata.lfs_file_size.str1.1
                0x08008221       0x4b littlefs\littlefs\lfs.o
 .rodata.lfs_file_sync.str1.1
                0x0800826c       0x4a littlefs\littlefs\lfs.o
 .rodata.lfs_file_tell.str1.1
                0x080082b6       0x4b littlefs\littlefs\lfs.o
 .rodata.lfs_file_write.str1.1
                0x08008301       0x7b littlefs\littlefs\lfs.o
 .rodata.lfs_format.str1.1
                0x0800837c      0x15c littlefs\littlefs\lfs.o
 .rodata.lfs_fs_forceconsistency.str1.1
                0x080084d8       0xa2 littlefs\littlefs\lfs.o
 .rodata.lfs_fs_size.str1.1
                0x0800857a       0x42 littlefs\littlefs\lfs.o
 .rodata.lfs_mount.str1.1
                0x080085bc      0x256 littlefs\littlefs\lfs.o
 .rodata.lfs_unmount.str1.1
                0x08008812       0x42 littlefs\littlefs\lfs.o
 .rodata.rtable.6938
                0x08008854       0x40 misc\lfs_config.o
 .rodata._global_impure_ptr
                0x08008894        0x4 c:/program files (x86)/atollic/truestudio for stm32 9.3.0/armtools/bin/../lib/gcc/arm-atollic-eabi/6.3.1/../../../../arm-atollic-eabi/lib/armv7e-m/fpu\libc_nano.a(lib_a-impure.o)
                0x08008894                _global_impure_ptr
 .rodata.__sf_fake_stderr
                0x08008898       0x20 c:/program files (x86)/atollic/truestudio for stm32 9.3.0/armtools/bin/../lib/gcc/arm-atollic-eabi/6.3.1/../../../../arm-atollic-eabi/lib/armv7e-m/fpu\libc_nano.a(lib_a-findfp.o)
                0x08008898                __sf_fake_stderr
 .rodata.__sf_fake_stdin
                0x080088b8       0x20 c:/program files (x86)/atollic/truestudio for stm32 9.3.0/armtools/bin/../lib/gcc/arm-atollic-eabi/6.3.1/../../../../arm-atollic-eabi/lib/armv7e-m/fpu\libc_nano.a(lib_a-findfp.o)
                0x080088b8                __sf_fake_stdin
 .rodata.__sf_fake_stdout
                0x080088d8       0x20 c:/program files (x86)/atollic/truestudio for stm32 9.3.0/armtools/bin/../lib/gcc/arm-atollic-eabi/6.3.1/../../../../arm-atollic-eabi/lib/armv7e-m/fpu\libc_nano.a(lib_a-findfp.o)
                0x080088d8                __sf_fake_stdout
 .rodata._vfprintf_r.str1.1
                0x080088f8       0x11 c:/program files (x86)/atollic/truestudio for stm32 9.3.0/armtools/bin/../lib/gcc/arm-atollic-eabi/6.3.1/../../../../arm-atollic-eabi/lib/armv7e-m/fpu\libc_nano.a(lib_a-nano-vfprintf.o)
 .rodata._printf_i.str1.1
                0x08008909       0x22 c:/program files (x86)/atollic/truestudio for stm32 9.3.0/armtools/bin/../lib/gcc/arm-atollic-eabi/6.3.1/../../../../arm-atollic-eabi/lib/armv7e-m/fpu\libc_nano.a(lib_a-nano-vfprintf_i.o)
                0x0800892c                . = ALIGN (0x4)
 *fill*         0x0800892b        0x1 

.ARM.extab
 *(.ARM.extab* .gnu.linkonce.armextab.*)

.ARM            0x0800892c        0x8
                0x0800892c                __exidx_start = .
 *(.ARM.exidx*)
 .ARM.exidx     0x0800892c        0x8 c:/program files (x86)/atollic/truestudio for stm32 9.3.0/armtools/bin/../lib/gcc/arm-atollic-eabi/6.3.1/armv7e-m/fpu\libgcc.a(_udivmoddi4.o)
                0x08008934                __exidx_end = .

.rel.dyn        0x08008934        0x0
 .rel.iplt      0x08008934        0x0 c:/program files (x86)/atollic/truestudio for stm32 9.3.0/armtools/bin/../lib/gcc/arm-atollic-eabi/6.3.1/armv7e-m/fpu/crtbegin.o

.preinit_array  0x08008934        0x0
                0x08008934                PROVIDE (__preinit_array_start, .)
 *(.preinit_array*)
                0x08008934                PROVIDE (__preinit_array_end, .)

.init_array     0x08008934        0x4
                0x08008934                PROVIDE (__init_array_start, .)
 *(SORT(.init_array.*))
 *(.init_array*)
 .init_array    0x08008934        0x4 c:/program files (x86)/atollic/truestudio for stm32 9.3.0/armtools/bin/../lib/gcc/arm-atollic-eabi/6.3.1/armv7e-m/fpu/crtbegin.o
                0x08008938                PROVIDE (__init_array_end, .)

.fini_array     0x08008938        0x4
                [!provide]                PROVIDE (__fini_array_start, .)
 *(SORT(.fini_array.*))
 *(.fini_array*)
 .fini_array    0x08008938        0x4 c:/program files (x86)/atollic/truestudio for stm32 9.3.0/armtools/bin/../lib/gcc/arm-atollic-eabi/6.3.1/armv7e-m/fpu/crtbegin.o
                [!provide]                PROVIDE (__fini_array_end, .)
                0x0800893c                _sidata = LOADADDR (.data)

.data           0x20000000       0x70 load address 0x0800893c
                0x20000000                . = ALIGN (0x4)
                0x20000000                _sdata = .
 *(.data)
 *(.data*)
 .data.uwTickFreq
                0x20000000        0x1 Drivers\STM32F4xx_HAL_Driver\Src\stm32f4xx_hal.o
                0x20000000                uwTickFreq
 *fill*         0x20000001        0x3 
 .data.uwTickPrio
                0x20000004        0x4 Drivers\STM32F4xx_HAL_Driver\Src\stm32f4xx_hal.o
                0x20000004                uwTickPrio
 .data.SystemCoreClock
                0x20000008        0x4 Src\system_stm32f4xx.o
                0x20000008                SystemCoreClock
 .data._impure_ptr
                0x2000000c        0x4 c:/program files (x86)/atollic/truestudio for stm32 9.3.0/armtools/bin/../lib/gcc/arm-atollic-eabi/6.3.1/../../../../arm-atollic-eabi/lib/armv7e-m/fpu\libc_nano.a(lib_a-impure.o)
                0x2000000c                _impure_ptr
 .data.impure_data
                0x20000010       0x60 c:/program files (x86)/atollic/truestudio for stm32 9.3.0/armtools/bin/../lib/gcc/arm-atollic-eabi/6.3.1/../../../../arm-atollic-eabi/lib/armv7e-m/fpu\libc_nano.a(lib_a-impure.o)
                0x20000070                . = ALIGN (0x4)
                0x20000070                _edata = .

.igot.plt       0x20000070        0x0 load address 0x080089ac
 .igot.plt      0x20000070        0x0 c:/program files (x86)/atollic/truestudio for stm32 9.3.0/armtools/bin/../lib/gcc/arm-atollic-eabi/6.3.1/armv7e-m/fpu/crtbegin.o
                0x20000070                . = ALIGN (0x4)

.bss            0x20000070     0x319c load address 0x080089ac
                0x20000070                _sbss = .
                0x20000070                __bss_start__ = _sbss
 *(.bss)
 .bss           0x20000070       0x1c c:/program files (x86)/atollic/truestudio for stm32 9.3.0/armtools/bin/../lib/gcc/arm-atollic-eabi/6.3.1/armv7e-m/fpu/crtbegin.o
 *(.bss*)
 .bss.erase_ops
                0x2000008c        0x4 Src\main.o
 .bss.my_ctx    0x20000090        0x1 Src\main.o
                0x20000090                my_ctx
 .bss.my_lookahead_buffer
                0x20000091     0x1000 Src\main.o
                0x20000091                my_lookahead_buffer
 .bss.my_prog_buffer
                0x20001091     0x1000 Src\main.o
                0x20001091                my_prog_buffer
 .bss.my_read_buffer
                0x20002091     0x1000 Src\main.o
                0x20002091                my_read_buffer
 *fill*         0x20003091        0x3 
 .bss.program_ops
                0x20003094        0x4 Src\main.o
 .bss.read_ops  0x20003098        0x4 Src\main.o
 .bss.heap_end.7010
                0x2000309c        0x4 Src\syscalls.o
 .bss.DBG_UART_PORT
                0x200030a0        0x4 dbg\DBG.o
 .bss.__malloc_free_list
                0x200030a4        0x4 c:/program files (x86)/atollic/truestudio for stm32 9.3.0/armtools/bin/../lib/gcc/arm-atollic-eabi/6.3.1/../../../../arm-atollic-eabi/lib/armv7e-m/fpu\libc_nano.a(lib_a-nano-mallocr.o)
                0x200030a4                __malloc_free_list
 .bss.__malloc_sbrk_start
                0x200030a8        0x4 c:/program files (x86)/atollic/truestudio for stm32 9.3.0/armtools/bin/../lib/gcc/arm-atollic-eabi/6.3.1/../../../../arm-atollic-eabi/lib/armv7e-m/fpu\libc_nano.a(lib_a-nano-mallocr.o)
                0x200030a8                __malloc_sbrk_start
 *(COMMON)
 COMMON         0x200030ac        0x4 Drivers\STM32F4xx_HAL_Driver\Src\stm32f4xx_hal.o
                0x200030ac                uwTick
 COMMON         0x200030b0       0xcc Src\main.o
                0x200030b0                file
                0x20003104                lfs
 COMMON         0x2000317c       0x4c Src\quadspi.o
                0x2000317c                hqspi
 COMMON         0x200031c8       0x40 Src\usart.o
                0x200031c8                huart3
 COMMON         0x20003208        0x4 c:/program files (x86)/atollic/truestudio for stm32 9.3.0/armtools/bin/../lib/gcc/arm-atollic-eabi/6.3.1/../../../../arm-atollic-eabi/lib/armv7e-m/fpu\libc_nano.a(lib_a-reent.o)
                0x20003208                errno
                0x2000320c                . = ALIGN (0x4)
                0x2000320c                _ebss = .
                0x2000320c                __bss_end__ = _ebss

._user_heap_stack
                0x2000320c      0x600 load address 0x080089ac
                0x2000320c                . = ALIGN (0x4)
                0x2000320c                PROVIDE (end, .)
                [!provide]                PROVIDE (_end, .)
                0x2000340c                . = (. + _Min_Heap_Size)
 *fill*         0x2000320c      0x200 
                0x2000380c                . = (. + _Min_Stack_Size)
 *fill*         0x2000340c      0x400 
                0x2000380c                . = ALIGN (0x4)

/DISCARD/
 libc.a(*)
 libm.a(*)
 libgcc.a(*)

.ARM.attributes
                0x00000000       0x30
 *(.ARM.attributes)
 .ARM.attributes
                0x00000000       0x22 c:/program files (x86)/atollic/truestudio for stm32 9.3.0/armtools/bin/../lib/gcc/arm-atollic-eabi/6.3.1/armv7e-m/fpu/crti.o
 .ARM.attributes
                0x00000022       0x34 c:/program files (x86)/atollic/truestudio for stm32 9.3.0/armtools/bin/../lib/gcc/arm-atollic-eabi/6.3.1/armv7e-m/fpu/crtbegin.o
 .ARM.attributes
                0x00000056       0x39 Drivers\STM32F4xx_HAL_Driver\Src\stm32f4xx_hal.o
 .ARM.attributes
                0x0000008f       0x39 Drivers\STM32F4xx_HAL_Driver\Src\stm32f4xx_hal_cortex.o
 .ARM.attributes
                0x000000c8       0x39 Drivers\STM32F4xx_HAL_Driver\Src\stm32f4xx_hal_dma.o
 .ARM.attributes
                0x00000101       0x39 Drivers\STM32F4xx_HAL_Driver\Src\stm32f4xx_hal_gpio.o
 .ARM.attributes
                0x0000013a       0x39 Drivers\STM32F4xx_HAL_Driver\Src\stm32f4xx_hal_qspi.o
 .ARM.attributes
                0x00000173       0x39 Drivers\STM32F4xx_HAL_Driver\Src\stm32f4xx_hal_rcc.o
 .ARM.attributes
                0x000001ac       0x39 Drivers\STM32F4xx_HAL_Driver\Src\stm32f4xx_hal_rcc_ex.o
 .ARM.attributes
                0x000001e5       0x39 Drivers\STM32F4xx_HAL_Driver\Src\stm32f4xx_hal_uart.o
 .ARM.attributes
                0x0000021e       0x39 Src\gpio.o
 .ARM.attributes
                0x00000257       0x39 Src\main.o
 .ARM.attributes
                0x00000290       0x39 Src\quadspi.o
 .ARM.attributes
                0x000002c9       0x39 Src\stm32f4xx_hal_msp.o
 .ARM.attributes
                0x00000302       0x39 Src\stm32f4xx_it.o
 .ARM.attributes
                0x0000033b       0x39 Src\syscalls.o
 .ARM.attributes
                0x00000374       0x39 Src\system_stm32f4xx.o
 .ARM.attributes
                0x000003ad       0x39 Src\usart.o
 .ARM.attributes
                0x000003e6       0x39 Winbond_25Q\Winbond_25Q.o
 .ARM.attributes
                0x0000041f       0x39 dbg\DBG.o
 .ARM.attributes
                0x00000458       0x39 dbg\printf\printf.o
 .ARM.attributes
                0x00000491       0x39 littlefs\littlefs\lfs.o
 .ARM.attributes
                0x000004ca       0x39 misc\lfs_config.o
 .ARM.attributes
                0x00000503       0x21 startup\startup_stm32f413xx.o
 .ARM.attributes
                0x00000524       0x34 c:/program files (x86)/atollic/truestudio for stm32 9.3.0/armtools/bin/../lib/gcc/arm-atollic-eabi/6.3.1/../../../../arm-atollic-eabi/lib/armv7e-m/fpu\libc_nano.a(lib_a-errno.o)
 .ARM.attributes
                0x00000558       0x34 c:/program files (x86)/atollic/truestudio for stm32 9.3.0/armtools/bin/../lib/gcc/arm-atollic-eabi/6.3.1/../../../../arm-atollic-eabi/lib/armv7e-m/fpu\libc_nano.a(lib_a-impure.o)
 .ARM.attributes
                0x0000058c       0x34 c:/program files (x86)/atollic/truestudio for stm32 9.3.0/armtools/bin/../lib/gcc/arm-atollic-eabi/6.3.1/../../../../arm-atollic-eabi/lib/armv7e-m/fpu\libc_nano.a(lib_a-init.o)
 .ARM.attributes
                0x000005c0       0x34 c:/program files (x86)/atollic/truestudio for stm32 9.3.0/armtools/bin/../lib/gcc/arm-atollic-eabi/6.3.1/../../../../arm-atollic-eabi/lib/armv7e-m/fpu\libc_nano.a(lib_a-malloc.o)
 .ARM.attributes
                0x000005f4       0x34 c:/program files (x86)/atollic/truestudio for stm32 9.3.0/armtools/bin/../lib/gcc/arm-atollic-eabi/6.3.1/../../../../arm-atollic-eabi/lib/armv7e-m/fpu\libc_nano.a(lib_a-memcmp.o)
 .ARM.attributes
                0x00000628       0x34 c:/program files (x86)/atollic/truestudio for stm32 9.3.0/armtools/bin/../lib/gcc/arm-atollic-eabi/6.3.1/../../../../arm-atollic-eabi/lib/armv7e-m/fpu\libc_nano.a(lib_a-memcpy-stub.o)
 .ARM.attributes
                0x0000065c       0x34 c:/program files (x86)/atollic/truestudio for stm32 9.3.0/armtools/bin/../lib/gcc/arm-atollic-eabi/6.3.1/../../../../arm-atollic-eabi/lib/armv7e-m/fpu\libc_nano.a(lib_a-memset.o)
 .ARM.attributes
                0x00000690       0x34 c:/program files (x86)/atollic/truestudio for stm32 9.3.0/armtools/bin/../lib/gcc/arm-atollic-eabi/6.3.1/../../../../arm-atollic-eabi/lib/armv7e-m/fpu\libc_nano.a(lib_a-nano-freer.o)
 .ARM.attributes
                0x000006c4       0x34 c:/program files (x86)/atollic/truestudio for stm32 9.3.0/armtools/bin/../lib/gcc/arm-atollic-eabi/6.3.1/../../../../arm-atollic-eabi/lib/armv7e-m/fpu\libc_nano.a(lib_a-nano-mallocr.o)
 .ARM.attributes
                0x000006f8       0x34 c:/program files (x86)/atollic/truestudio for stm32 9.3.0/armtools/bin/../lib/gcc/arm-atollic-eabi/6.3.1/../../../../arm-atollic-eabi/lib/armv7e-m/fpu\libc_nano.a(lib_a-printf.o)
 .ARM.attributes
                0x0000072c       0x34 c:/program files (x86)/atollic/truestudio for stm32 9.3.0/armtools/bin/../lib/gcc/arm-atollic-eabi/6.3.1/../../../../arm-atollic-eabi/lib/armv7e-m/fpu\libc_nano.a(lib_a-sbrkr.o)
 .ARM.attributes
                0x00000760       0x34 c:/program files (x86)/atollic/truestudio for stm32 9.3.0/armtools/bin/../lib/gcc/arm-atollic-eabi/6.3.1/../../../../arm-atollic-eabi/lib/armv7e-m/fpu\libc_nano.a(lib_a-strchr.o)
 .ARM.attributes
                0x00000794       0x34 c:/program files (x86)/atollic/truestudio for stm32 9.3.0/armtools/bin/../lib/gcc/arm-atollic-eabi/6.3.1/../../../../arm-atollic-eabi/lib/armv7e-m/fpu\libc_nano.a(lib_a-strcspn.o)
 .ARM.attributes
                0x000007c8       0x1b c:/program files (x86)/atollic/truestudio for stm32 9.3.0/armtools/bin/../lib/gcc/arm-atollic-eabi/6.3.1/../../../../arm-atollic-eabi/lib/armv7e-m/fpu\libc_nano.a(lib_a-strlen.o)
 .ARM.attributes
                0x000007e3       0x34 c:/program files (x86)/atollic/truestudio for stm32 9.3.0/armtools/bin/../lib/gcc/arm-atollic-eabi/6.3.1/../../../../arm-atollic-eabi/lib/armv7e-m/fpu\libc_nano.a(lib_a-strspn.o)
 .ARM.attributes
                0x00000817       0x34 c:/program files (x86)/atollic/truestudio for stm32 9.3.0/armtools/bin/../lib/gcc/arm-atollic-eabi/6.3.1/../../../../arm-atollic-eabi/lib/armv7e-m/fpu\libc_nano.a(lib_a-findfp.o)
 .ARM.attributes
                0x0000084b       0x34 c:/program files (x86)/atollic/truestudio for stm32 9.3.0/armtools/bin/../lib/gcc/arm-atollic-eabi/6.3.1/../../../../arm-atollic-eabi/lib/armv7e-m/fpu\libc_nano.a(lib_a-fwalk.o)
 .ARM.attributes
                0x0000087f       0x34 c:/program files (x86)/atollic/truestudio for stm32 9.3.0/armtools/bin/../lib/gcc/arm-atollic-eabi/6.3.1/../../../../arm-atollic-eabi/lib/armv7e-m/fpu\libc_nano.a(lib_a-mlock.o)
 .ARM.attributes
                0x000008b3       0x34 c:/program files (x86)/atollic/truestudio for stm32 9.3.0/armtools/bin/../lib/gcc/arm-atollic-eabi/6.3.1/../../../../arm-atollic-eabi/lib/armv7e-m/fpu\libc_nano.a(lib_a-nano-vfprintf.o)
 .ARM.attributes
                0x000008e7       0x34 c:/program files (x86)/atollic/truestudio for stm32 9.3.0/armtools/bin/../lib/gcc/arm-atollic-eabi/6.3.1/../../../../arm-atollic-eabi/lib/armv7e-m/fpu\libc_nano.a(lib_a-nano-vfprintf_i.o)
 .ARM.attributes
                0x0000091b       0x34 c:/program files (x86)/atollic/truestudio for stm32 9.3.0/armtools/bin/../lib/gcc/arm-atollic-eabi/6.3.1/../../../../arm-atollic-eabi/lib/armv7e-m/fpu\libc_nano.a(lib_a-reent.o)
 .ARM.attributes
                0x0000094f       0x34 c:/program files (x86)/atollic/truestudio for stm32 9.3.0/armtools/bin/../lib/gcc/arm-atollic-eabi/6.3.1/../../../../arm-atollic-eabi/lib/armv7e-m/fpu\libc_nano.a(lib_a-stdio.o)
 .ARM.attributes
                0x00000983       0x34 c:/program files (x86)/atollic/truestudio for stm32 9.3.0/armtools/bin/../lib/gcc/arm-atollic-eabi/6.3.1/../../../../arm-atollic-eabi/lib/armv7e-m/fpu\libc_nano.a(lib_a-wbuf.o)
 .ARM.attributes
                0x000009b7       0x34 c:/program files (x86)/atollic/truestudio for stm32 9.3.0/armtools/bin/../lib/gcc/arm-atollic-eabi/6.3.1/../../../../arm-atollic-eabi/lib/armv7e-m/fpu\libc_nano.a(lib_a-writer.o)
 .ARM.attributes
                0x000009eb       0x34 c:/program files (x86)/atollic/truestudio for stm32 9.3.0/armtools/bin/../lib/gcc/arm-atollic-eabi/6.3.1/../../../../arm-atollic-eabi/lib/armv7e-m/fpu\libc_nano.a(lib_a-wsetup.o)
 .ARM.attributes
                0x00000a1f       0x34 c:/program files (x86)/atollic/truestudio for stm32 9.3.0/armtools/bin/../lib/gcc/arm-atollic-eabi/6.3.1/../../../../arm-atollic-eabi/lib/armv7e-m/fpu\libc_nano.a(lib_a-closer.o)
 .ARM.attributes
                0x00000a53       0x34 c:/program files (x86)/atollic/truestudio for stm32 9.3.0/armtools/bin/../lib/gcc/arm-atollic-eabi/6.3.1/../../../../arm-atollic-eabi/lib/armv7e-m/fpu\libc_nano.a(lib_a-fflush.o)
 .ARM.attributes
                0x00000a87       0x34 c:/program files (x86)/atollic/truestudio for stm32 9.3.0/armtools/bin/../lib/gcc/arm-atollic-eabi/6.3.1/../../../../arm-atollic-eabi/lib/armv7e-m/fpu\libc_nano.a(lib_a-lseekr.o)
 .ARM.attributes
                0x00000abb       0x34 c:/program files (x86)/atollic/truestudio for stm32 9.3.0/armtools/bin/../lib/gcc/arm-atollic-eabi/6.3.1/../../../../arm-atollic-eabi/lib/armv7e-m/fpu\libc_nano.a(lib_a-makebuf.o)
 .ARM.attributes
                0x00000aef       0x20 c:/program files (x86)/atollic/truestudio for stm32 9.3.0/armtools/bin/../lib/gcc/arm-atollic-eabi/6.3.1/../../../../arm-atollic-eabi/lib/armv7e-m/fpu\libc_nano.a(lib_a-memchr.o)
 .ARM.attributes
                0x00000b0f       0x34 c:/program files (x86)/atollic/truestudio for stm32 9.3.0/armtools/bin/../lib/gcc/arm-atollic-eabi/6.3.1/../../../../arm-atollic-eabi/lib/armv7e-m/fpu\libc_nano.a(lib_a-readr.o)
 .ARM.attributes
                0x00000b43       0x34 c:/program files (x86)/atollic/truestudio for stm32 9.3.0/armtools/bin/../lib/gcc/arm-atollic-eabi/6.3.1/../../../../arm-atollic-eabi/lib/armv7e-m/fpu\libc_nano.a(lib_a-fstatr.o)
 .ARM.attributes
                0x00000b77       0x34 c:/program files (x86)/atollic/truestudio for stm32 9.3.0/armtools/bin/../lib/gcc/arm-atollic-eabi/6.3.1/../../../../arm-atollic-eabi/lib/armv7e-m/fpu\libc_nano.a(lib_a-isattyr.o)
 .ARM.attributes
                0x00000bab       0x22 c:/program files (x86)/atollic/truestudio for stm32 9.3.0/armtools/bin/../lib/gcc/arm-atollic-eabi/6.3.1/armv7e-m/fpu\libgcc.a(_arm_addsubdf3.o)
 .ARM.attributes
                0x00000bcd       0x22 c:/program files (x86)/atollic/truestudio for stm32 9.3.0/armtools/bin/../lib/gcc/arm-atollic-eabi/6.3.1/armv7e-m/fpu\libgcc.a(_arm_muldivdf3.o)
 .ARM.attributes
                0x00000bef       0x22 c:/program files (x86)/atollic/truestudio for stm32 9.3.0/armtools/bin/../lib/gcc/arm-atollic-eabi/6.3.1/armv7e-m/fpu\libgcc.a(_arm_cmpdf2.o)
 .ARM.attributes
                0x00000c11       0x22 c:/program files (x86)/atollic/truestudio for stm32 9.3.0/armtools/bin/../lib/gcc/arm-atollic-eabi/6.3.1/armv7e-m/fpu\libgcc.a(_arm_fixdfsi.o)
 .ARM.attributes
                0x00000c33       0x22 c:/program files (x86)/atollic/truestudio for stm32 9.3.0/armtools/bin/../lib/gcc/arm-atollic-eabi/6.3.1/armv7e-m/fpu\libgcc.a(_arm_fixunsdfsi.o)
 .ARM.attributes
                0x00000c55       0x22 c:/program files (x86)/atollic/truestudio for stm32 9.3.0/armtools/bin/../lib/gcc/arm-atollic-eabi/6.3.1/armv7e-m/fpu\libgcc.a(_aeabi_uldivmod.o)
 .ARM.attributes
                0x00000c77       0x34 c:/program files (x86)/atollic/truestudio for stm32 9.3.0/armtools/bin/../lib/gcc/arm-atollic-eabi/6.3.1/armv7e-m/fpu\libgcc.a(_popcountsi2.o)
 .ARM.attributes
                0x00000cab       0x34 c:/program files (x86)/atollic/truestudio for stm32 9.3.0/armtools/bin/../lib/gcc/arm-atollic-eabi/6.3.1/armv7e-m/fpu\libgcc.a(_udivmoddi4.o)
 .ARM.attributes
                0x00000cdf       0x22 c:/program files (x86)/atollic/truestudio for stm32 9.3.0/armtools/bin/../lib/gcc/arm-atollic-eabi/6.3.1/armv7e-m/fpu\libgcc.a(_dvmd_tls.o)
 .ARM.attributes
                0x00000d01       0x22 c:/program files (x86)/atollic/truestudio for stm32 9.3.0/armtools/bin/../lib/gcc/arm-atollic-eabi/6.3.1/armv7e-m/fpu/crtn.o
OUTPUT(hello_quadspi.elf elf32-littlearm)

.debug_info     0x00000000    0x1abc7
 .debug_info    0x00000000      0xa96 Drivers\STM32F4xx_HAL_Driver\Src\stm32f4xx_hal.o
 .debug_info    0x00000a96      0xfd8 Drivers\STM32F4xx_HAL_Driver\Src\stm32f4xx_hal_cortex.o
 .debug_info    0x00001a6e      0xa9d Drivers\STM32F4xx_HAL_Driver\Src\stm32f4xx_hal_dma.o
 .debug_info    0x0000250b      0x82e Drivers\STM32F4xx_HAL_Driver\Src\stm32f4xx_hal_gpio.o
 .debug_info    0x00002d39     0x17ae Drivers\STM32F4xx_HAL_Driver\Src\stm32f4xx_hal_qspi.o
 .debug_info    0x000044e7      0xaed Drivers\STM32F4xx_HAL_Driver\Src\stm32f4xx_hal_rcc.o
 .debug_info    0x00004fd4      0xa5c Drivers\STM32F4xx_HAL_Driver\Src\stm32f4xx_hal_rcc_ex.o
 .debug_info    0x00005a30     0x16b0 Drivers\STM32F4xx_HAL_Driver\Src\stm32f4xx_hal_uart.o
 .debug_info    0x000070e0      0x3b4 Src\gpio.o
 .debug_info    0x00007494     0x1bcd Src\main.o
 .debug_info    0x00009061      0xb3c Src\quadspi.o
 .debug_info    0x00009b9d      0x398 Src\stm32f4xx_hal_msp.o
 .debug_info    0x00009f35      0x20d Src\stm32f4xx_it.o
 .debug_info    0x0000a142      0xfe1 Src\syscalls.o
 .debug_info    0x0000b123      0x58f Src\system_stm32f4xx.o
 .debug_info    0x0000b6b2      0xa80 Src\usart.o
 .debug_info    0x0000c132     0x1a54 Winbond_25Q\Winbond_25Q.o
 .debug_info    0x0000db86     0x107b dbg\DBG.o
 .debug_info    0x0000ec01     0x1643 dbg\printf\printf.o
 .debug_info    0x00010244     0x9f90 littlefs\littlefs\lfs.o
 .debug_info    0x0001a1d4      0x974 misc\lfs_config.o
 .debug_info    0x0001ab48       0x7f startup\startup_stm32f413xx.o

.debug_abbrev   0x00000000     0x3241
 .debug_abbrev  0x00000000      0x239 Drivers\STM32F4xx_HAL_Driver\Src\stm32f4xx_hal.o
 .debug_abbrev  0x00000239      0x314 Drivers\STM32F4xx_HAL_Driver\Src\stm32f4xx_hal_cortex.o
 .debug_abbrev  0x0000054d      0x2e8 Drivers\STM32F4xx_HAL_Driver\Src\stm32f4xx_hal_dma.o
 .debug_abbrev  0x00000835      0x1ef Drivers\STM32F4xx_HAL_Driver\Src\stm32f4xx_hal_gpio.o
 .debug_abbrev  0x00000a24      0x2e1 Drivers\STM32F4xx_HAL_Driver\Src\stm32f4xx_hal_qspi.o
 .debug_abbrev  0x00000d05      0x2cb Drivers\STM32F4xx_HAL_Driver\Src\stm32f4xx_hal_rcc.o
 .debug_abbrev  0x00000fd0      0x1a8 Drivers\STM32F4xx_HAL_Driver\Src\stm32f4xx_hal_rcc_ex.o
 .debug_abbrev  0x00001178      0x313 Drivers\STM32F4xx_HAL_Driver\Src\stm32f4xx_hal_uart.o
 .debug_abbrev  0x0000148b      0x104 Src\gpio.o
 .debug_abbrev  0x0000158f      0x314 Src\main.o
 .debug_abbrev  0x000018a3      0x1eb Src\quadspi.o
 .debug_abbrev  0x00001a8e      0x104 Src\stm32f4xx_hal_msp.o
 .debug_abbrev  0x00001b92      0x112 Src\stm32f4xx_it.o
 .debug_abbrev  0x00001ca4      0x2d9 Src\syscalls.o
 .debug_abbrev  0x00001f7d      0x126 Src\system_stm32f4xx.o
 .debug_abbrev  0x000020a3      0x1eb Src\usart.o
 .debug_abbrev  0x0000228e      0x213 Winbond_25Q\Winbond_25Q.o
 .debug_abbrev  0x000024a1      0x250 dbg\DBG.o
 .debug_abbrev  0x000026f1      0x3cd dbg\printf\printf.o
 .debug_abbrev  0x00002abe      0x5a5 littlefs\littlefs\lfs.o
 .debug_abbrev  0x00003063      0x1cc misc\lfs_config.o
 .debug_abbrev  0x0000322f       0x12 startup\startup_stm32f413xx.o

.debug_loc      0x00000000     0xd25d
 .debug_loc     0x00000000      0x12e Drivers\STM32F4xx_HAL_Driver\Src\stm32f4xx_hal.o
 .debug_loc     0x0000012e      0x4fb Drivers\STM32F4xx_HAL_Driver\Src\stm32f4xx_hal_cortex.o
 .debug_loc     0x00000629      0x727 Drivers\STM32F4xx_HAL_Driver\Src\stm32f4xx_hal_dma.o
 .debug_loc     0x00000d50      0x362 Drivers\STM32F4xx_HAL_Driver\Src\stm32f4xx_hal_gpio.o
 .debug_loc     0x000010b2     0x10a4 Drivers\STM32F4xx_HAL_Driver\Src\stm32f4xx_hal_qspi.o
 .debug_loc     0x00002156      0x346 Drivers\STM32F4xx_HAL_Driver\Src\stm32f4xx_hal_rcc.o
 .debug_loc     0x0000249c      0x604 Drivers\STM32F4xx_HAL_Driver\Src\stm32f4xx_hal_rcc_ex.o
 .debug_loc     0x00002aa0     0x1350 Drivers\STM32F4xx_HAL_Driver\Src\stm32f4xx_hal_uart.o
 .debug_loc     0x00003df0      0x364 Src\main.o
 .debug_loc     0x00004154       0x58 Src\quadspi.o
 .debug_loc     0x000041ac      0x3ef Src\syscalls.o
 .debug_loc     0x0000459b      0x11c Src\system_stm32f4xx.o
 .debug_loc     0x000046b7       0x58 Src\usart.o
 .debug_loc     0x0000470f      0x837 Winbond_25Q\Winbond_25Q.o
 .debug_loc     0x00004f46       0xa3 dbg\DBG.o
 .debug_loc     0x00004fe9     0x1ce6 dbg\printf\printf.o
 .debug_loc     0x00006ccf     0x64c5 littlefs\littlefs\lfs.o
 .debug_loc     0x0000d194       0xc9 misc\lfs_config.o

.debug_aranges  0x00000000      0xc68
 .debug_aranges
                0x00000000       0xe8 Drivers\STM32F4xx_HAL_Driver\Src\stm32f4xx_hal.o
 .debug_aranges
                0x000000e8       0xa8 Drivers\STM32F4xx_HAL_Driver\Src\stm32f4xx_hal_cortex.o
 .debug_aranges
                0x00000190       0x80 Drivers\STM32F4xx_HAL_Driver\Src\stm32f4xx_hal_dma.o
 .debug_aranges
                0x00000210       0x58 Drivers\STM32F4xx_HAL_Driver\Src\stm32f4xx_hal_gpio.o
 .debug_aranges
                0x00000268      0x110 Drivers\STM32F4xx_HAL_Driver\Src\stm32f4xx_hal_qspi.o
 .debug_aranges
                0x00000378       0x88 Drivers\STM32F4xx_HAL_Driver\Src\stm32f4xx_hal_rcc.o
 .debug_aranges
                0x00000400       0x60 Drivers\STM32F4xx_HAL_Driver\Src\stm32f4xx_hal_rcc_ex.o
 .debug_aranges
                0x00000460      0x170 Drivers\STM32F4xx_HAL_Driver\Src\stm32f4xx_hal_uart.o
 .debug_aranges
                0x000005d0       0x20 Src\gpio.o
 .debug_aranges
                0x000005f0       0x50 Src\main.o
 .debug_aranges
                0x00000640       0x30 Src\quadspi.o
 .debug_aranges
                0x00000670       0x20 Src\stm32f4xx_hal_msp.o
 .debug_aranges
                0x00000690       0x48 Src\stm32f4xx_it.o
 .debug_aranges
                0x000006d8       0xb0 Src\syscalls.o
 .debug_aranges
                0x00000788       0x28 Src\system_stm32f4xx.o
 .debug_aranges
                0x000007b0       0x30 Src\usart.o
 .debug_aranges
                0x000007e0       0xd0 Winbond_25Q\Winbond_25Q.o
 .debug_aranges
                0x000008b0       0x48 dbg\DBG.o
 .debug_aranges
                0x000008f8       0xa0 dbg\printf\printf.o
 .debug_aranges
                0x00000998      0x288 littlefs\littlefs\lfs.o
 .debug_aranges
                0x00000c20       0x20 misc\lfs_config.o
 .debug_aranges
                0x00000c40       0x28 startup\startup_stm32f413xx.o

.debug_ranges   0x00000000     0x1cc0
 .debug_ranges  0x00000000       0xd8 Drivers\STM32F4xx_HAL_Driver\Src\stm32f4xx_hal.o
 .debug_ranges  0x000000d8      0x128 Drivers\STM32F4xx_HAL_Driver\Src\stm32f4xx_hal_cortex.o
 .debug_ranges  0x00000200       0xc8 Drivers\STM32F4xx_HAL_Driver\Src\stm32f4xx_hal_dma.o
 .debug_ranges  0x000002c8       0x68 Drivers\STM32F4xx_HAL_Driver\Src\stm32f4xx_hal_gpio.o
 .debug_ranges  0x00000330      0x118 Drivers\STM32F4xx_HAL_Driver\Src\stm32f4xx_hal_qspi.o
 .debug_ranges  0x00000448       0xb0 Drivers\STM32F4xx_HAL_Driver\Src\stm32f4xx_hal_rcc.o
 .debug_ranges  0x000004f8       0x68 Drivers\STM32F4xx_HAL_Driver\Src\stm32f4xx_hal_rcc_ex.o
 .debug_ranges  0x00000560      0x178 Drivers\STM32F4xx_HAL_Driver\Src\stm32f4xx_hal_uart.o
 .debug_ranges  0x000006d8       0x10 Src\gpio.o
 .debug_ranges  0x000006e8       0x58 Src\main.o
 .debug_ranges  0x00000740       0x58 Src\quadspi.o
 .debug_ranges  0x00000798       0x10 Src\stm32f4xx_hal_msp.o
 .debug_ranges  0x000007a8       0x38 Src\stm32f4xx_it.o
 .debug_ranges  0x000007e0       0xa0 Src\syscalls.o
 .debug_ranges  0x00000880       0x18 Src\system_stm32f4xx.o
 .debug_ranges  0x00000898       0x38 Src\usart.o
 .debug_ranges  0x000008d0       0xc0 Winbond_25Q\Winbond_25Q.o
 .debug_ranges  0x00000990       0x38 dbg\DBG.o
 .debug_ranges  0x000009c8      0x198 dbg\printf\printf.o
 .debug_ranges  0x00000b60     0x1118 littlefs\littlefs\lfs.o
 .debug_ranges  0x00001c78       0x28 misc\lfs_config.o
 .debug_ranges  0x00001ca0       0x20 startup\startup_stm32f413xx.o

.debug_line     0x00000000     0x75db
 .debug_line    0x00000000      0x420 Drivers\STM32F4xx_HAL_Driver\Src\stm32f4xx_hal.o
 .debug_line    0x00000420      0x469 Drivers\STM32F4xx_HAL_Driver\Src\stm32f4xx_hal_cortex.o
 .debug_line    0x00000889      0x56e Drivers\STM32F4xx_HAL_Driver\Src\stm32f4xx_hal_dma.o
 .debug_line    0x00000df7      0x3e5 Drivers\STM32F4xx_HAL_Driver\Src\stm32f4xx_hal_gpio.o
 .debug_line    0x000011dc      0x89c Drivers\STM32F4xx_HAL_Driver\Src\stm32f4xx_hal_qspi.o
 .debug_line    0x00001a78      0x51a Drivers\STM32F4xx_HAL_Driver\Src\stm32f4xx_hal_rcc.o
 .debug_line    0x00001f92      0x5d8 Drivers\STM32F4xx_HAL_Driver\Src\stm32f4xx_hal_rcc_ex.o
 .debug_line    0x0000256a      0xba5 Drivers\STM32F4xx_HAL_Driver\Src\stm32f4xx_hal_uart.o
 .debug_line    0x0000310f      0x1d8 Src\gpio.o
 .debug_line    0x000032e7      0x45e Src\main.o
 .debug_line    0x00003745      0x2d1 Src\quadspi.o
 .debug_line    0x00003a16      0x1e5 Src\stm32f4xx_hal_msp.o
 .debug_line    0x00003bfb      0x21d Src\stm32f4xx_it.o
 .debug_line    0x00003e18      0x3bb Src\syscalls.o
 .debug_line    0x000041d3      0x20d Src\system_stm32f4xx.o
 .debug_line    0x000043e0      0x2a4 Src\usart.o
 .debug_line    0x00004684      0x6b2 Winbond_25Q\Winbond_25Q.o
 .debug_line    0x00004d36      0x3da dbg\DBG.o
 .debug_line    0x00005110      0x60b dbg\printf\printf.o
 .debug_line    0x0000571b     0x1c06 littlefs\littlefs\lfs.o
 .debug_line    0x00007321      0x23b misc\lfs_config.o
 .debug_line    0x0000755c       0x7f startup\startup_stm32f413xx.o

.debug_str      0x00000000     0x51d8
 .debug_str     0x00000000      0xc08 Drivers\STM32F4xx_HAL_Driver\Src\stm32f4xx_hal.o
                                0xc9f (size before relaxing)
 .debug_str     0x00000c08      0x4a8 Drivers\STM32F4xx_HAL_Driver\Src\stm32f4xx_hal_cortex.o
                                0xdba (size before relaxing)
 .debug_str     0x000010b0      0x52c Drivers\STM32F4xx_HAL_Driver\Src\stm32f4xx_hal_dma.o
                                0x854 (size before relaxing)
 .debug_str     0x000015dc      0x1e7 Drivers\STM32F4xx_HAL_Driver\Src\stm32f4xx_hal_gpio.o
                                0x601 (size before relaxing)
 .debug_str     0x000017c3      0x722 Drivers\STM32F4xx_HAL_Driver\Src\stm32f4xx_hal_qspi.o
                                0xccb (size before relaxing)
 .debug_str     0x00001ee5      0x2ee Drivers\STM32F4xx_HAL_Driver\Src\stm32f4xx_hal_rcc.o
                                0x7d5 (size before relaxing)
 .debug_str     0x000021d3      0x2ea Drivers\STM32F4xx_HAL_Driver\Src\stm32f4xx_hal_rcc_ex.o
                                0x81f (size before relaxing)
 .debug_str     0x000024bd      0x686 Drivers\STM32F4xx_HAL_Driver\Src\stm32f4xx_hal_uart.o
                                0xd0f (size before relaxing)
 .debug_str     0x00002b43       0x1b Src\gpio.o
                                0x3ce (size before relaxing)
 .debug_str     0x00002b5e      0x5cd Src\main.o
                               0x1182 (size before relaxing)
 .debug_str     0x0000312b       0x1c Src\quadspi.o
                                0x931 (size before relaxing)
 .debug_str     0x00003147       0x1b Src\stm32f4xx_hal_msp.o
                                0x3da (size before relaxing)
 .debug_str     0x00003162       0xa6 Src\stm32f4xx_it.o
                                0x33e (size before relaxing)
 .debug_str     0x00003208      0x5df Src\syscalls.o
                                0x881 (size before relaxing)
 .debug_str     0x000037e7       0x45 Src\system_stm32f4xx.o
                                0x456 (size before relaxing)
 .debug_str     0x0000382c       0x1a Src\usart.o
                                0x8eb (size before relaxing)
 .debug_str     0x00003846      0xc2c Winbond_25Q\Winbond_25Q.o
                               0x14ac (size before relaxing)
 .debug_str     0x00004472       0x8c dbg\DBG.o
                                0xbb1 (size before relaxing)
 .debug_str     0x000044fe      0x15d dbg\printf\printf.o
                                0x3bd (size before relaxing)
 .debug_str     0x0000465b      0xb61 littlefs\littlefs\lfs.o
                               0x1698 (size before relaxing)
 .debug_str     0x000051bc       0x1c misc\lfs_config.o
                                0x627 (size before relaxing)

.comment        0x00000000       0x7c
 .comment       0x00000000       0x7c Drivers\STM32F4xx_HAL_Driver\Src\stm32f4xx_hal.o
                                 0x7d (size before relaxing)
 .comment       0x0000007c       0x7d Drivers\STM32F4xx_HAL_Driver\Src\stm32f4xx_hal_cortex.o
 .comment       0x0000007c       0x7d Drivers\STM32F4xx_HAL_Driver\Src\stm32f4xx_hal_dma.o
 .comment       0x0000007c       0x7d Drivers\STM32F4xx_HAL_Driver\Src\stm32f4xx_hal_gpio.o
 .comment       0x0000007c       0x7d Drivers\STM32F4xx_HAL_Driver\Src\stm32f4xx_hal_qspi.o
 .comment       0x0000007c       0x7d Drivers\STM32F4xx_HAL_Driver\Src\stm32f4xx_hal_rcc.o
 .comment       0x0000007c       0x7d Drivers\STM32F4xx_HAL_Driver\Src\stm32f4xx_hal_rcc_ex.o
 .comment       0x0000007c       0x7d Drivers\STM32F4xx_HAL_Driver\Src\stm32f4xx_hal_uart.o
 .comment       0x0000007c       0x7d Src\gpio.o
 .comment       0x0000007c       0x7d Src\main.o
 .comment       0x0000007c       0x7d Src\quadspi.o
 .comment       0x0000007c       0x7d Src\stm32f4xx_hal_msp.o
 .comment       0x0000007c       0x7d Src\stm32f4xx_it.o
 .comment       0x0000007c       0x7d Src\syscalls.o
 .comment       0x0000007c       0x7d Src\system_stm32f4xx.o
 .comment       0x0000007c       0x7d Src\usart.o
 .comment       0x0000007c       0x7d Winbond_25Q\Winbond_25Q.o
 .comment       0x0000007c       0x7d dbg\DBG.o
 .comment       0x0000007c       0x7d dbg\printf\printf.o
 .comment       0x0000007c       0x7d littlefs\littlefs\lfs.o
 .comment       0x0000007c       0x7d misc\lfs_config.o

.debug_frame    0x00000000     0x3190
 .debug_frame   0x00000000      0x1f4 Drivers\STM32F4xx_HAL_Driver\Src\stm32f4xx_hal.o
 .debug_frame   0x000001f4      0x158 Drivers\STM32F4xx_HAL_Driver\Src\stm32f4xx_hal_cortex.o
 .debug_frame   0x0000034c      0x150 Drivers\STM32F4xx_HAL_Driver\Src\stm32f4xx_hal_dma.o
 .debug_frame   0x0000049c       0xd8 Drivers\STM32F4xx_HAL_Driver\Src\stm32f4xx_hal_gpio.o
 .debug_frame   0x00000574      0x410 Drivers\STM32F4xx_HAL_Driver\Src\stm32f4xx_hal_qspi.o
 .debug_frame   0x00000984      0x13c Drivers\STM32F4xx_HAL_Driver\Src\stm32f4xx_hal_rcc.o
 .debug_frame   0x00000ac0       0xf8 Drivers\STM32F4xx_HAL_Driver\Src\stm32f4xx_hal_rcc_ex.o
 .debug_frame   0x00000bb8      0x4a0 Drivers\STM32F4xx_HAL_Driver\Src\stm32f4xx_hal_uart.o
 .debug_frame   0x00001058       0x28 Src\gpio.o
 .debug_frame   0x00001080       0xc0 Src\main.o
 .debug_frame   0x00001140       0x74 Src\quadspi.o
 .debug_frame   0x000011b4       0x28 Src\stm32f4xx_hal_msp.o
 .debug_frame   0x000011dc       0xa0 Src\stm32f4xx_it.o
 .debug_frame   0x0000127c      0x1a8 Src\syscalls.o
 .debug_frame   0x00001424       0x38 Src\system_stm32f4xx.o
 .debug_frame   0x0000145c       0x74 Src\usart.o
 .debug_frame   0x000014d0      0x30c Winbond_25Q\Winbond_25Q.o
 .debug_frame   0x000017dc       0xd4 dbg\DBG.o
 .debug_frame   0x000018b0      0x288 dbg\printf\printf.o
 .debug_frame   0x00001b38      0xb78 littlefs\littlefs\lfs.o
 .debug_frame   0x000026b0       0x2c misc\lfs_config.o
 .debug_frame   0x000026dc       0x20 c:/program files (x86)/atollic/truestudio for stm32 9.3.0/armtools/bin/../lib/gcc/arm-atollic-eabi/6.3.1/../../../../arm-atollic-eabi/lib/armv7e-m/fpu\libc_nano.a(lib_a-errno.o)
 .debug_frame   0x000026fc       0x2c c:/program files (x86)/atollic/truestudio for stm32 9.3.0/armtools/bin/../lib/gcc/arm-atollic-eabi/6.3.1/../../../../arm-atollic-eabi/lib/armv7e-m/fpu\libc_nano.a(lib_a-init.o)
 .debug_frame   0x00002728       0x30 c:/program files (x86)/atollic/truestudio for stm32 9.3.0/armtools/bin/../lib/gcc/arm-atollic-eabi/6.3.1/../../../../arm-atollic-eabi/lib/armv7e-m/fpu\libc_nano.a(lib_a-malloc.o)
 .debug_frame   0x00002758       0x28 c:/program files (x86)/atollic/truestudio for stm32 9.3.0/armtools/bin/../lib/gcc/arm-atollic-eabi/6.3.1/../../../../arm-atollic-eabi/lib/armv7e-m/fpu\libc_nano.a(lib_a-memcmp.o)
 .debug_frame   0x00002780       0x28 c:/program files (x86)/atollic/truestudio for stm32 9.3.0/armtools/bin/../lib/gcc/arm-atollic-eabi/6.3.1/../../../../arm-atollic-eabi/lib/armv7e-m/fpu\libc_nano.a(lib_a-memcpy-stub.o)
 .debug_frame   0x000027a8       0x20 c:/program files (x86)/atollic/truestudio for stm32 9.3.0/armtools/bin/../lib/gcc/arm-atollic-eabi/6.3.1/../../../../arm-atollic-eabi/lib/armv7e-m/fpu\libc_nano.a(lib_a-memset.o)
 .debug_frame   0x000027c8       0x38 c:/program files (x86)/atollic/truestudio for stm32 9.3.0/armtools/bin/../lib/gcc/arm-atollic-eabi/6.3.1/../../../../arm-atollic-eabi/lib/armv7e-m/fpu\libc_nano.a(lib_a-nano-freer.o)
 .debug_frame   0x00002800       0x2c c:/program files (x86)/atollic/truestudio for stm32 9.3.0/armtools/bin/../lib/gcc/arm-atollic-eabi/6.3.1/../../../../arm-atollic-eabi/lib/armv7e-m/fpu\libc_nano.a(lib_a-nano-mallocr.o)
 .debug_frame   0x0000282c       0x74 c:/program files (x86)/atollic/truestudio for stm32 9.3.0/armtools/bin/../lib/gcc/arm-atollic-eabi/6.3.1/../../../../arm-atollic-eabi/lib/armv7e-m/fpu\libc_nano.a(lib_a-printf.o)
 .debug_frame   0x000028a0       0x2c c:/program files (x86)/atollic/truestudio for stm32 9.3.0/armtools/bin/../lib/gcc/arm-atollic-eabi/6.3.1/../../../../arm-atollic-eabi/lib/armv7e-m/fpu\libc_nano.a(lib_a-sbrkr.o)
 .debug_frame   0x000028cc       0x20 c:/program files (x86)/atollic/truestudio for stm32 9.3.0/armtools/bin/../lib/gcc/arm-atollic-eabi/6.3.1/../../../../arm-atollic-eabi/lib/armv7e-m/fpu\libc_nano.a(lib_a-strchr.o)
 .debug_frame   0x000028ec       0x2c c:/program files (x86)/atollic/truestudio for stm32 9.3.0/armtools/bin/../lib/gcc/arm-atollic-eabi/6.3.1/../../../../arm-atollic-eabi/lib/armv7e-m/fpu\libc_nano.a(lib_a-strcspn.o)
 .debug_frame   0x00002918       0x2c c:/program files (x86)/atollic/truestudio for stm32 9.3.0/armtools/bin/../lib/gcc/arm-atollic-eabi/6.3.1/../../../../arm-atollic-eabi/lib/armv7e-m/fpu\libc_nano.a(lib_a-strspn.o)
 .debug_frame   0x00002944      0x11c c:/program files (x86)/atollic/truestudio for stm32 9.3.0/armtools/bin/../lib/gcc/arm-atollic-eabi/6.3.1/../../../../arm-atollic-eabi/lib/armv7e-m/fpu\libc_nano.a(lib_a-findfp.o)
 .debug_frame   0x00002a60       0x54 c:/program files (x86)/atollic/truestudio for stm32 9.3.0/armtools/bin/../lib/gcc/arm-atollic-eabi/6.3.1/../../../../arm-atollic-eabi/lib/armv7e-m/fpu\libc_nano.a(lib_a-fwalk.o)
 .debug_frame   0x00002ab4       0x30 c:/program files (x86)/atollic/truestudio for stm32 9.3.0/armtools/bin/../lib/gcc/arm-atollic-eabi/6.3.1/../../../../arm-atollic-eabi/lib/armv7e-m/fpu\libc_nano.a(lib_a-mlock.o)
 .debug_frame   0x00002ae4       0xac c:/program files (x86)/atollic/truestudio for stm32 9.3.0/armtools/bin/../lib/gcc/arm-atollic-eabi/6.3.1/../../../../arm-atollic-eabi/lib/armv7e-m/fpu\libc_nano.a(lib_a-nano-vfprintf.o)
 .debug_frame   0x00002b90       0x60 c:/program files (x86)/atollic/truestudio for stm32 9.3.0/armtools/bin/../lib/gcc/arm-atollic-eabi/6.3.1/../../../../arm-atollic-eabi/lib/armv7e-m/fpu\libc_nano.a(lib_a-nano-vfprintf_i.o)
 .debug_frame   0x00002bf0       0x5c c:/program files (x86)/atollic/truestudio for stm32 9.3.0/armtools/bin/../lib/gcc/arm-atollic-eabi/6.3.1/../../../../arm-atollic-eabi/lib/armv7e-m/fpu\libc_nano.a(lib_a-reent.o)
 .debug_frame   0x00002c4c       0x88 c:/program files (x86)/atollic/truestudio for stm32 9.3.0/armtools/bin/../lib/gcc/arm-atollic-eabi/6.3.1/../../../../arm-atollic-eabi/lib/armv7e-m/fpu\libc_nano.a(lib_a-stdio.o)
 .debug_frame   0x00002cd4       0x40 c:/program files (x86)/atollic/truestudio for stm32 9.3.0/armtools/bin/../lib/gcc/arm-atollic-eabi/6.3.1/../../../../arm-atollic-eabi/lib/armv7e-m/fpu\libc_nano.a(lib_a-wbuf.o)
 .debug_frame   0x00002d14       0x2c c:/program files (x86)/atollic/truestudio for stm32 9.3.0/armtools/bin/../lib/gcc/arm-atollic-eabi/6.3.1/../../../../arm-atollic-eabi/lib/armv7e-m/fpu\libc_nano.a(lib_a-writer.o)
 .debug_frame   0x00002d40       0x2c c:/program files (x86)/atollic/truestudio for stm32 9.3.0/armtools/bin/../lib/gcc/arm-atollic-eabi/6.3.1/../../../../arm-atollic-eabi/lib/armv7e-m/fpu\libc_nano.a(lib_a-wsetup.o)
 .debug_frame   0x00002d6c       0x2c c:/program files (x86)/atollic/truestudio for stm32 9.3.0/armtools/bin/../lib/gcc/arm-atollic-eabi/6.3.1/../../../../arm-atollic-eabi/lib/armv7e-m/fpu\libc_nano.a(lib_a-closer.o)
 .debug_frame   0x00002d98       0x68 c:/program files (x86)/atollic/truestudio for stm32 9.3.0/armtools/bin/../lib/gcc/arm-atollic-eabi/6.3.1/../../../../arm-atollic-eabi/lib/armv7e-m/fpu\libc_nano.a(lib_a-fflush.o)
 .debug_frame   0x00002e00       0x2c c:/program files (x86)/atollic/truestudio for stm32 9.3.0/armtools/bin/../lib/gcc/arm-atollic-eabi/6.3.1/../../../../arm-atollic-eabi/lib/armv7e-m/fpu\libc_nano.a(lib_a-lseekr.o)
 .debug_frame   0x00002e2c       0x58 c:/program files (x86)/atollic/truestudio for stm32 9.3.0/armtools/bin/../lib/gcc/arm-atollic-eabi/6.3.1/../../../../arm-atollic-eabi/lib/armv7e-m/fpu\libc_nano.a(lib_a-makebuf.o)
 .debug_frame   0x00002e84       0x2c c:/program files (x86)/atollic/truestudio for stm32 9.3.0/armtools/bin/../lib/gcc/arm-atollic-eabi/6.3.1/../../../../arm-atollic-eabi/lib/armv7e-m/fpu\libc_nano.a(lib_a-readr.o)
 .debug_frame   0x00002eb0       0x2c c:/program files (x86)/atollic/truestudio for stm32 9.3.0/armtools/bin/../lib/gcc/arm-atollic-eabi/6.3.1/../../../../arm-atollic-eabi/lib/armv7e-m/fpu\libc_nano.a(lib_a-fstatr.o)
 .debug_frame   0x00002edc       0x2c c:/program files (x86)/atollic/truestudio for stm32 9.3.0/armtools/bin/../lib/gcc/arm-atollic-eabi/6.3.1/../../../../arm-atollic-eabi/lib/armv7e-m/fpu\libc_nano.a(lib_a-isattyr.o)
 .debug_frame   0x00002f08       0xac c:/program files (x86)/atollic/truestudio for stm32 9.3.0/armtools/bin/../lib/gcc/arm-atollic-eabi/6.3.1/armv7e-m/fpu\libgcc.a(_arm_addsubdf3.o)
 .debug_frame   0x00002fb4       0x50 c:/program files (x86)/atollic/truestudio for stm32 9.3.0/armtools/bin/../lib/gcc/arm-atollic-eabi/6.3.1/armv7e-m/fpu\libgcc.a(_arm_muldivdf3.o)
 .debug_frame   0x00003004       0xc4 c:/program files (x86)/atollic/truestudio for stm32 9.3.0/armtools/bin/../lib/gcc/arm-atollic-eabi/6.3.1/armv7e-m/fpu\libgcc.a(_arm_cmpdf2.o)
 .debug_frame   0x000030c8       0x24 c:/program files (x86)/atollic/truestudio for stm32 9.3.0/armtools/bin/../lib/gcc/arm-atollic-eabi/6.3.1/armv7e-m/fpu\libgcc.a(_arm_fixdfsi.o)
 .debug_frame   0x000030ec       0x24 c:/program files (x86)/atollic/truestudio for stm32 9.3.0/armtools/bin/../lib/gcc/arm-atollic-eabi/6.3.1/armv7e-m/fpu\libgcc.a(_arm_fixunsdfsi.o)
 .debug_frame   0x00003110       0x2c c:/program files (x86)/atollic/truestudio for stm32 9.3.0/armtools/bin/../lib/gcc/arm-atollic-eabi/6.3.1/armv7e-m/fpu\libgcc.a(_aeabi_uldivmod.o)
 .debug_frame   0x0000313c       0x20 c:/program files (x86)/atollic/truestudio for stm32 9.3.0/armtools/bin/../lib/gcc/arm-atollic-eabi/6.3.1/armv7e-m/fpu\libgcc.a(_popcountsi2.o)
 .debug_frame   0x0000315c       0x34 c:/program files (x86)/atollic/truestudio for stm32 9.3.0/armtools/bin/../lib/gcc/arm-atollic-eabi/6.3.1/armv7e-m/fpu\libgcc.a(_udivmoddi4.o)