stm32f4xx_hal_qspi.c:2527:13:QSPI_DMARxCplt	0	static
stm32f4xx_hal_qspi.c:2541:13:QSPI_DMATxCplt	0	static
stm32f4xx_hal_qspi.c:2688:13:QSPI_Config	28	static
stm32f4xx_hal_qspi.c:2655:26:QSPI_WaitFlagStateUntilTimeout	24	static
stm32f4xx_hal_qspi.c:433:13:HAL_QSPI_MspInit	0	static
stm32f4xx_hal_qspi.c:291:19:HAL_QSPI_Init	24	static
stm32f4xx_hal_qspi.c:448:13:HAL_QSPI_MspDeInit	0	static
stm32f4xx_hal_qspi.c:392:19:HAL_QSPI_DeInit	8	static
stm32f4xx_hal_qspi.c:780:19:HAL_QSPI_Command	40	static
stm32f4xx_hal_qspi.c:869:19:HAL_QSPI_Command_IT	32	static
stm32f4xx_hal_qspi.c:1141:19:HAL_QSPI_Transmit_IT	8	static
stm32f4xx_hal_qspi.c:1201:19:HAL_QSPI_Receive_IT	12	static
stm32f4xx_hal_qspi.c:1269:19:HAL_QSPI_Transmit_DMA	16	static
stm32f4xx_hal_qspi.c:1436:19:HAL_QSPI_Receive_DMA	24	static
stm32f4xx_hal_qspi.c:1610:19:HAL_QSPI_AutoPolling	40	static
stm32f4xx_hal_qspi.c:1710:19:HAL_QSPI_AutoPolling_IT	32	static
stm32f4xx_hal_qspi.c:1814:19:HAL_QSPI_MemoryMapped	32	static
stm32f4xx_hal_qspi.c:1900:13:HAL_QSPI_ErrorCallback	0	static
stm32f4xx_hal_qspi.c:2612:13:QSPI_DMAAbortCplt	8	static
stm32f4xx_hal_qspi.c:1915:13:HAL_QSPI_AbortCpltCallback	0	static
stm32f4xx_hal_qspi.c:1930:13:HAL_QSPI_CmdCpltCallback	0	static
stm32f4xx_hal_qspi.c:1945:13:HAL_QSPI_RxCpltCallback	0	static
stm32f4xx_hal_qspi.c:1960:13:HAL_QSPI_TxCpltCallback	0	static
stm32f4xx_hal_qspi.c:1975:13:HAL_QSPI_RxHalfCpltCallback	0	static
stm32f4xx_hal_qspi.c:2555:13:QSPI_DMARxHalfCplt	8	static
stm32f4xx_hal_qspi.c:1990:13:HAL_QSPI_TxHalfCpltCallback	0	static
stm32f4xx_hal_qspi.c:2571:13:QSPI_DMATxHalfCplt	8	static
stm32f4xx_hal_qspi.c:2005:13:HAL_QSPI_FifoThresholdCallback	0	static
stm32f4xx_hal_qspi.c:2020:13:HAL_QSPI_StatusMatchCallback	0	static
stm32f4xx_hal_qspi.c:2035:13:HAL_QSPI_TimeOutCallback	0	static
stm32f4xx_hal_qspi.c:2293:23:HAL_QSPI_GetState	0	static
stm32f4xx_hal_qspi.c:2304:10:HAL_QSPI_GetError	0	static
stm32f4xx_hal_qspi.c:2314:19:HAL_QSPI_Abort	24	static
stm32f4xx_hal_qspi.c:969:19:HAL_QSPI_Transmit	32	static
stm32f4xx_hal_qspi.c:1054:19:HAL_QSPI_Receive	32	static
stm32f4xx_hal_qspi.c:2370:19:HAL_QSPI_Abort_IT	8	static
stm32f4xx_hal_qspi.c:487:6:HAL_QSPI_IRQHandler	16	static
stm32f4xx_hal_qspi.c:2587:13:QSPI_DMAError	8	static
stm32f4xx_hal_qspi.c:2426:6:HAL_QSPI_SetTimeout	0	static
stm32f4xx_hal_qspi.c:2436:19:HAL_QSPI_SetFifoThreshold	8	static
stm32f4xx_hal_qspi.c:2468:10:HAL_QSPI_GetFifoThreshold	0	static
stm32f4xx_hal_qspi.c:2480:19:HAL_QSPI_SetFlashID	0	static
