Winbond_25Q.c:98:10:spi_write_enable	64	static
Winbond_25Q.c:134:10:spi_write_enable_volatile_status_regiter	64	static
Winbond_25Q.c:170:10:spi_write_disable	64	static
Winbond_25Q.c:206:10:spi_get_jedec_id	72	static
Winbond_25Q.c:253:10:spi_read_data	72	static
Winbond_25Q.c:298:10:spi_fast_read_data	72	static
Winbond_25Q.c:344:10:spi_fast_read_data_dual	72	static
Winbond_25Q.c:390:10:spi_fast_read_data_dual_io	72	static
Winbond_25Q.c:436:10:spi_fast_read_data_quad	72	static
Winbond_25Q.c:482:10:spi_fast_read_data_quad_io	72	static
Winbond_25Q.c:543:10:spi_page_program	72	static
Winbond_25Q.c:592:10:spi_erase_chip	64	static
Winbond_25Q.c:627:10:spi_erase_sector	64	static
Winbond_25Q.c:675:10:spi_erase_block_32kb	64	static
Winbond_25Q.c:710:10:spi_erase_block_64kb	64	static
Winbond_25Q.c:745:10:spi_enter_qpi_mode	64	static
Winbond_25Q.c:780:10:qpi_exit_qpi_mode	64	static
Winbond_25Q.c:815:10:qpi_read_jedec_id	72	static
Winbond_25Q.c:862:9:spi_read_status_1	72	static
Winbond_25Q.c:917:9:spi_write_status_1	72	static
Winbond_25Q.c:958:9:spi_read_status_2	72	static
Winbond_25Q.c:1011:9:spi_write_status_2	72	static
Winbond_25Q.c:1052:9:spi_read_status_3	72	static
