lfs.c:248:20:lfs_pair_isnull	0	static
lfs.c:252:19:lfs_pair_cmp	8	static
lfs.c:321:26:lfs_tag_dsize	0	static
lfs.c:341:20:lfs_gstate_xor	8	static
lfs.c:347:20:lfs_gstate_iszero	0	static
lfs.c:368:20:lfs_gstate_hasmovehere	8	static
lfs.c:443:12:lfs_alloc_lookahead	8	static
lfs.c:645:12:lfs_dir_traverse_filter	12	static
lfs.c:1446:12:lfs_dir_commit_size	8	static
lfs.c:4231:12:lfs_fs_size_count	0	static
lfs.c:3570:12:lfs_deinit	8	static
lfs.c:4098:13:lfs_fs_preporphans.isra.13	0	static
lfs.c:27:12:lfs_bd_read.isra.14	56	static
lfs.c:3957:12:lfs_fs_parent_match	40	static
lfs.c:767:19:lfs_dir_fetchmatch	120	static
lfs.c:3976:19:lfs_fs_parent	64	static
lfs.c:1002:12:lfs_dir_fetch	24	static
lfs.c:3926:12:lfs_fs_pred	24	static
lfs.c:673:12:lfs_dir_traverse	120	static
lfs.c:515:19:lfs_dir_getslice	72	static
lfs.c:577:19:lfs_dir_get	24	static
lfs.c:1010:12:lfs_dir_getgstate	40	static
lfs.c:1092:19:lfs_dir_find	88	static
lfs.c:1028:12:lfs_dir_getinfo	40	static
lfs.c:21:20:lfs_cache_zero.isra.15	8	static
lfs.c:3463:12:lfs_init	16	static
lfs.c:2193:12:lfs_ctz_index.isra.17	24	static
lfs.c:2338:12:lfs_ctz_traverse.part.18	64	static
lfs.c:2206:12:lfs_ctz_find.constprop	72	static
lfs.c:584:12:lfs_dir_getread.constprop	64	static
lfs.c:116:12:lfs_bd_cmp.constprop	64	static
lfs.c:139:12:lfs_bd_flush	48	static
lfs.c:186:12:lfs_bd_prog	48	static
lfs.c:1203:12:lfs_dir_commitprog	40	static
lfs.c:1218:12:lfs_dir_commitattr	72	static
lfs.c:1459:12:lfs_dir_commit_commit	0	static
lfs.c:1263:12:lfs_dir_commitcrc	88	static
lfs.c:1068:12:lfs_dir_find_match	32	static
lfs.c:2008:5:lfs_dir_open	64	static
lfs.c:2059:5:lfs_dir_close	24	static
lfs.c:2073:5:lfs_dir_read	48	static
lfs.c:2169:12:lfs_dir_tell	24	static
lfs.c:2176:5:lfs_dir_rewind	24	static
lfs.c:2126:5:lfs_dir_seek	56	static
lfs.c:3101:12:lfs_file_tell	24	static
lfs.c:3121:12:lfs_file_size	24	static
lfs.c:3137:5:lfs_stat	80	static
lfs.c:3377:13:lfs_getattr	96	static
lfs.c:3812:5:lfs_unmount	24	static
lfs.c:3668:5:lfs_mount	192	static
lfs.c:3821:5:lfs_fs_traverseraw	96	static
lfs.c:468:12:lfs_alloc	32	static
lfs.c:1356:12:lfs_dir_alloc	32	static
lfs.c:2571:12:lfs_file_relocate	64	static
lfs.c:2871:13:lfs_file_write	96	static
lfs.c:2654:12:lfs_file_flush	128	static
lfs.c:2791:13:lfs_file_read	64	static
lfs.c:3002:12:lfs_file_seek	48	static
lfs.c:3109:5:lfs_file_rewind	24	static
lfs.c:3037:5:lfs_file_truncate	56	static
lfs.c:3917:5:lfs_fs_traverse	40	static
lfs.c:4238:13:lfs_fs_size	32	static
lfs.c:1464:12:lfs_dir_compact	184	static
lfs.c:1719:12:lfs_dir_commit	176	static
lfs.c:1394:12:lfs_dir_drop	24	static
lfs.c:4217:12:lfs_fs_forceconsistency	160	static
lfs.c:1909:5:lfs_mkdir	208	static
lfs.c:2734:5:lfs_file_sync	56	static
lfs.c:2547:5:lfs_file_close	32	static
lfs.c:2383:5:lfs_file_opencfg	104	static
lfs.c:2537:5:lfs_file_open	48	static
lfs.c:3151:5:lfs_remove	128	static
lfs.c:3232:5:lfs_rename	240	static
lfs.c:3418:12:lfs_commitattr	72	static
lfs.c:3440:5:lfs_setattr	56	static
lfs.c:3454:5:lfs_removeattr	40	static
lfs.c:3587:5:lfs_format	192	static
lfs.c:1413:12:lfs_dir_split	80	static
